[0.009s] Invoking command in '/home/daniel/Multi-robot-Navigation/build/nav2_bringup': CMAKE_PREFIX_PATH=/home/daniel/CustomMultibot/install/turtlebot3_simulations:/home/daniel/CustomMultibot/install/turtlebot3_gazebo:/home/daniel/CustomMultibot/install/nav2_bringup:/home/daniel/robots_ws/install/turtlebot3_simulations:/home/daniel/CustomMultibot/install/follow_waypoints:/home/daniel/dan_ws/install/follow_waypoint:/opt/ros/humble:/home/daniel/robots_ws/install/turtlebot3_gazebo:/home/daniel/robots_ws/install/turtlebot3_fake_node:/home/daniel/robots_ws/install/multi_robot_rosbot:/home/daniel/robots_ws/install/articubot_one:/home/daniel/dan_ws/install/articubot_one /usr/bin/cmake /home/daniel/Multi-robot-Navigation/src/nav2_bringup -DAMENT_CMAKE_SYMLINK_INSTALL=1 -DCMAKE_INSTALL_PREFIX=/home/daniel/Multi-robot-Navigation/install/nav2_bringup
[1.260s] -- The C compiler identification is GNU 11.4.0
[1.927s] -- The CXX compiler identification is GNU 11.4.0
[1.993s] -- Detecting C compiler ABI info
[2.146s] -- Detecting C compiler ABI info - done
[2.152s] -- Check for working C compiler: /usr/bin/cc - skipped
[2.153s] -- Detecting C compile features
[2.170s] -- Detecting C compile features - done
[2.173s] -- Detecting CXX compiler ABI info
[2.284s] -- Detecting CXX compiler ABI info - done
[2.290s] -- Check for working CXX compiler: /usr/bin/c++ - skipped
[2.290s] -- Detecting CXX compile features
[2.291s] -- Detecting CXX compile features - done
[2.315s] -- Found ament_cmake: 1.3.9 (/opt/ros/humble/share/ament_cmake/cmake)
[2.606s] -- Found Python3: /usr/bin/python3 (found version "3.10.12") found components: Interpreter 
[2.709s] -- Override CMake install command with custom implementation using symlinks instead of copying resources
[2.860s] -- Found nav2_common: 1.1.15 (/opt/ros/humble/share/nav2_common/cmake)
[2.957s] -- Found navigation2: 1.1.15 (/opt/ros/humble/share/navigation2/cmake)
[2.957s] -- Setting build type to Release as none was specified.
[2.994s] -- Found ament_lint_auto: 0.12.11 (/opt/ros/humble/share/ament_lint_auto/cmake)
[3.291s] -- Added test 'copyright' to check source files copyright and LICENSE
[3.295s] -- Added test 'cppcheck' to perform static code analysis on C / C++ code
[3.295s] -- Configured cppcheck include dirs: 
[3.295s] -- Configured cppcheck exclude dirs and/or files: 
[3.298s] -- Added test 'cpplint' to check C / C++ code against the Google style
[3.298s] -- Configured cpplint exclude dirs and/or files: 
[3.299s] -- Added test 'flake8' to check Python code syntax and style conventions
[3.301s] -- Added test 'lint_cmake' to check CMake code style
[3.302s] -- Added test 'pep257' to check Python code against some of the docstring style conventions in PEP 257
[3.307s] -- Added test 'uncrustify' to check C / C++ code style
[3.307s] -- Configured uncrustify additional arguments: 
[3.308s] -- Added test 'xmllint' to check XML markup files
[3.310s] -- Configuring done
[3.312s] -- Generating done
[3.312s] -- Build files have been written to: /home/daniel/Multi-robot-Navigation/build/nav2_bringup
[3.315s] Invoked command in '/home/daniel/Multi-robot-Navigation/build/nav2_bringup' returned '0': CMAKE_PREFIX_PATH=/home/daniel/CustomMultibot/install/turtlebot3_simulations:/home/daniel/CustomMultibot/install/turtlebot3_gazebo:/home/daniel/CustomMultibot/install/nav2_bringup:/home/daniel/robots_ws/install/turtlebot3_simulations:/home/daniel/CustomMultibot/install/follow_waypoints:/home/daniel/dan_ws/install/follow_waypoint:/opt/ros/humble:/home/daniel/robots_ws/install/turtlebot3_gazebo:/home/daniel/robots_ws/install/turtlebot3_fake_node:/home/daniel/robots_ws/install/multi_robot_rosbot:/home/daniel/robots_ws/install/articubot_one:/home/daniel/dan_ws/install/articubot_one /usr/bin/cmake /home/daniel/Multi-robot-Navigation/src/nav2_bringup -DAMENT_CMAKE_SYMLINK_INSTALL=1 -DCMAKE_INSTALL_PREFIX=/home/daniel/Multi-robot-Navigation/install/nav2_bringup
[3.317s] Invoking command in '/home/daniel/Multi-robot-Navigation/build/nav2_bringup': CMAKE_PREFIX_PATH=/home/daniel/CustomMultibot/install/turtlebot3_simulations:/home/daniel/CustomMultibot/install/turtlebot3_gazebo:/home/daniel/CustomMultibot/install/nav2_bringup:/home/daniel/robots_ws/install/turtlebot3_simulations:/home/daniel/CustomMultibot/install/follow_waypoints:/home/daniel/dan_ws/install/follow_waypoint:/opt/ros/humble:/home/daniel/robots_ws/install/turtlebot3_gazebo:/home/daniel/robots_ws/install/turtlebot3_fake_node:/home/daniel/robots_ws/install/multi_robot_rosbot:/home/daniel/robots_ws/install/articubot_one:/home/daniel/dan_ws/install/articubot_one /usr/bin/cmake --build /home/daniel/Multi-robot-Navigation/build/nav2_bringup -- -j8 -l8
[3.343s] Invoked command in '/home/daniel/Multi-robot-Navigation/build/nav2_bringup' returned '0': CMAKE_PREFIX_PATH=/home/daniel/CustomMultibot/install/turtlebot3_simulations:/home/daniel/CustomMultibot/install/turtlebot3_gazebo:/home/daniel/CustomMultibot/install/nav2_bringup:/home/daniel/robots_ws/install/turtlebot3_simulations:/home/daniel/CustomMultibot/install/follow_waypoints:/home/daniel/dan_ws/install/follow_waypoint:/opt/ros/humble:/home/daniel/robots_ws/install/turtlebot3_gazebo:/home/daniel/robots_ws/install/turtlebot3_fake_node:/home/daniel/robots_ws/install/multi_robot_rosbot:/home/daniel/robots_ws/install/articubot_one:/home/daniel/dan_ws/install/articubot_one /usr/bin/cmake --build /home/daniel/Multi-robot-Navigation/build/nav2_bringup -- -j8 -l8
[3.364s] Invoking command in '/home/daniel/Multi-robot-Navigation/build/nav2_bringup': CMAKE_PREFIX_PATH=/home/daniel/CustomMultibot/install/turtlebot3_simulations:/home/daniel/CustomMultibot/install/turtlebot3_gazebo:/home/daniel/CustomMultibot/install/nav2_bringup:/home/daniel/robots_ws/install/turtlebot3_simulations:/home/daniel/CustomMultibot/install/follow_waypoints:/home/daniel/dan_ws/install/follow_waypoint:/opt/ros/humble:/home/daniel/robots_ws/install/turtlebot3_gazebo:/home/daniel/robots_ws/install/turtlebot3_fake_node:/home/daniel/robots_ws/install/multi_robot_rosbot:/home/daniel/robots_ws/install/articubot_one:/home/daniel/dan_ws/install/articubot_one /usr/bin/cmake --install /home/daniel/Multi-robot-Navigation/build/nav2_bringup
[3.369s] -- Install configuration: "Release"
[3.369s] -- Execute custom install script
[3.369s] -- Symlinking: /home/daniel/Multi-robot-Navigation/install/nav2_bringup/share/nav2_bringup/launch/bringup_launch.py
[3.376s] -- Symlinking: /home/daniel/Multi-robot-Navigation/install/nav2_bringup/share/nav2_bringup/launch/cloned_multi_tb3_simulation_launch.py
[3.381s] -- Symlinking: /home/daniel/Multi-robot-Navigation/install/nav2_bringup/share/nav2_bringup/launch/localization_launch.py
[3.387s] -- Symlinking: /home/daniel/Multi-robot-Navigation/install/nav2_bringup/share/nav2_bringup/launch/map_filters_launch.py
[3.393s] -- Symlinking: /home/daniel/Multi-robot-Navigation/install/nav2_bringup/share/nav2_bringup/launch/navigation_launch.py
[3.399s] -- Symlinking: /home/daniel/Multi-robot-Navigation/install/nav2_bringup/share/nav2_bringup/launch/rviz_launch.py
[3.406s] -- Symlinking: /home/daniel/Multi-robot-Navigation/install/nav2_bringup/share/nav2_bringup/launch/slam_launch.py
[3.412s] -- Symlinking: /home/daniel/Multi-robot-Navigation/install/nav2_bringup/share/nav2_bringup/launch/tb3_simulation_launch.py
[3.418s] -- Symlinking: /home/daniel/Multi-robot-Navigation/install/nav2_bringup/share/nav2_bringup/launch/unique_multi_tb3_simulation_launch.py
[3.423s] -- Symlinking: /home/daniel/Multi-robot-Navigation/install/nav2_bringup/share/nav2_bringup/launch/warehouse_multibot_launch.py
[3.430s] -- Symlinking: /home/daniel/Multi-robot-Navigation/install/nav2_bringup/share/nav2_bringup/maps/new_warehouse_save.pgm
[3.436s] -- Symlinking: /home/daniel/Multi-robot-Navigation/install/nav2_bringup/share/nav2_bringup/maps/new_warehouse_save.yaml
[3.442s] -- Symlinking: /home/daniel/Multi-robot-Navigation/install/nav2_bringup/share/nav2_bringup/maps/turtlebot3_world.pgm
[3.449s] -- Symlinking: /home/daniel/Multi-robot-Navigation/install/nav2_bringup/share/nav2_bringup/maps/turtlebot3_world.yaml
[3.455s] -- Symlinking: /home/daniel/Multi-robot-Navigation/install/nav2_bringup/share/nav2_bringup/rviz/nav2_default_view.rviz
[3.462s] -- Symlinking: /home/daniel/Multi-robot-Navigation/install/nav2_bringup/share/nav2_bringup/rviz/nav2_namespaced_view.rviz
[3.468s] -- Symlinking: /home/daniel/Multi-robot-Navigation/install/nav2_bringup/share/nav2_bringup/worlds/waffle.model
[3.474s] -- Symlinking: /home/daniel/Multi-robot-Navigation/install/nav2_bringup/share/nav2_bringup/worlds/warehouse.world
[3.480s] -- Symlinking: /home/daniel/Multi-robot-Navigation/install/nav2_bringup/share/nav2_bringup/worlds/world_only.model
[3.486s] -- Symlinking: /home/daniel/Multi-robot-Navigation/install/nav2_bringup/share/nav2_bringup/params/map_filter_params.yaml
[3.492s] -- Symlinking: /home/daniel/Multi-robot-Navigation/install/nav2_bringup/share/nav2_bringup/params/nav2_multirobot_params_1.yaml
[3.498s] -- Symlinking: /home/daniel/Multi-robot-Navigation/install/nav2_bringup/share/nav2_bringup/params/nav2_multirobot_params_2.yaml
[3.504s] -- Symlinking: /home/daniel/Multi-robot-Navigation/install/nav2_bringup/share/nav2_bringup/params/nav2_multirobot_params_all.yaml
[3.510s] -- Symlinking: /home/daniel/Multi-robot-Navigation/install/nav2_bringup/share/nav2_bringup/params/nav2_params.yaml
[3.517s] -- Symlinking: /home/daniel/Multi-robot-Navigation/install/nav2_bringup/share/nav2_bringup/urdf/turtlebot3_waffle.urdf
[3.523s] -- Symlinking: /home/daniel/Multi-robot-Navigation/install/nav2_bringup/share/ament_index/resource_index/package_run_dependencies/nav2_bringup
[3.529s] -- Symlinking: /home/daniel/Multi-robot-Navigation/install/nav2_bringup/share/ament_index/resource_index/parent_prefix_path/nav2_bringup
[3.535s] -- Symlinking: /home/daniel/Multi-robot-Navigation/install/nav2_bringup/share/nav2_bringup/environment/ament_prefix_path.sh
[3.542s] -- Symlinking: /home/daniel/Multi-robot-Navigation/install/nav2_bringup/share/nav2_bringup/environment/ament_prefix_path.dsv
[3.549s] -- Symlinking: /home/daniel/Multi-robot-Navigation/install/nav2_bringup/share/nav2_bringup/environment/path.sh
[3.555s] -- Symlinking: /home/daniel/Multi-robot-Navigation/install/nav2_bringup/share/nav2_bringup/environment/path.dsv
[3.561s] -- Symlinking: /home/daniel/Multi-robot-Navigation/install/nav2_bringup/share/nav2_bringup/local_setup.bash
[3.568s] -- Symlinking: /home/daniel/Multi-robot-Navigation/install/nav2_bringup/share/nav2_bringup/local_setup.sh
[3.574s] -- Symlinking: /home/daniel/Multi-robot-Navigation/install/nav2_bringup/share/nav2_bringup/local_setup.zsh
[3.581s] -- Symlinking: /home/daniel/Multi-robot-Navigation/install/nav2_bringup/share/nav2_bringup/local_setup.dsv
[3.587s] -- Symlinking: /home/daniel/Multi-robot-Navigation/install/nav2_bringup/share/nav2_bringup/package.dsv
[3.594s] -- Symlinking: /home/daniel/Multi-robot-Navigation/install/nav2_bringup/share/ament_index/resource_index/packages/nav2_bringup
[3.600s] -- Symlinking: /home/daniel/Multi-robot-Navigation/install/nav2_bringup/share/nav2_bringup/cmake/nav2_bringupConfig.cmake
[3.607s] -- Symlinking: /home/daniel/Multi-robot-Navigation/install/nav2_bringup/share/nav2_bringup/cmake/nav2_bringupConfig-version.cmake
[3.613s] -- Symlinking: /home/daniel/Multi-robot-Navigation/install/nav2_bringup/share/nav2_bringup/package.xml
[3.621s] Invoked command in '/home/daniel/Multi-robot-Navigation/build/nav2_bringup' returned '0': CMAKE_PREFIX_PATH=/home/daniel/CustomMultibot/install/turtlebot3_simulations:/home/daniel/CustomMultibot/install/turtlebot3_gazebo:/home/daniel/CustomMultibot/install/nav2_bringup:/home/daniel/robots_ws/install/turtlebot3_simulations:/home/daniel/CustomMultibot/install/follow_waypoints:/home/daniel/dan_ws/install/follow_waypoint:/opt/ros/humble:/home/daniel/robots_ws/install/turtlebot3_gazebo:/home/daniel/robots_ws/install/turtlebot3_fake_node:/home/daniel/robots_ws/install/multi_robot_rosbot:/home/daniel/robots_ws/install/articubot_one:/home/daniel/dan_ws/install/articubot_one /usr/bin/cmake --install /home/daniel/Multi-robot-Navigation/build/nav2_bringup
