[0.089s] DEBUG:colcon:Command line arguments: ['/usr/bin/colcon', 'list', '-p', '--base-paths', '/home/daniel/CustomMultibot-master']
[0.089s] DEBUG:colcon:Parsed command line arguments: Namespace(log_base=None, log_level=None, verb_name='list', build_base='build', ignore_user_meta=False, metas=['./colcon.meta'], base_paths=['/home/daniel/CustomMultibot-master'], packages_ignore=None, packages_ignore_regex=None, paths=None, packages_up_to=None, packages_up_to_regex=None, packages_above=None, packages_above_and_dependencies=None, packages_above_depth=None, packages_select_by_dep=None, packages_skip_by_dep=None, packages_skip_up_to=None, packages_select_build_failed=False, packages_skip_build_finished=False, packages_select_test_failures=False, packages_skip_test_passed=False, packages_select=None, packages_skip=None, packages_select_regex=None, packages_skip_regex=None, packages_start=None, packages_end=None, allow_overriding=[], topological_order=False, names_only=False, paths_only=True, topological_graph=False, topological_graph_dot=False, topological_graph_density=False, topological_graph_legend=False, topological_graph_dot_cluster=False, topological_graph_dot_include_skipped=False, verb_parser=<colcon_defaults.argument_parser.defaults.DefaultArgumentsDecorator object at 0x7ce4662fd870>, verb_extension=<colcon_package_information.verb.list.ListVerb object at 0x7ce4662fcc40>, main=<bound method ListVerb.main of <colcon_package_information.verb.list.ListVerb object at 0x7ce4662fcc40>>)
[0.312s] Level 1:colcon.colcon_core.package_discovery:discover_packages(colcon_meta) check parameters
[0.312s] Level 1:colcon.colcon_core.package_discovery:discover_packages(recursive) check parameters
[0.312s] Level 1:colcon.colcon_core.package_discovery:discover_packages(ignore) check parameters
[0.313s] Level 1:colcon.colcon_core.package_discovery:discover_packages(path) check parameters
[0.313s] Level 1:colcon.colcon_core.package_discovery:discover_packages(recursive) discover
[0.313s] INFO:colcon.colcon_core.package_discovery:Crawling recursively for packages in '/home/daniel/CustomMultibot-master'
[0.313s] Level 1:colcon.colcon_core.package_identification:_identify(/home/daniel/CustomMultibot-master) by extensions ['ignore', 'ignore_ament_install']
[0.313s] Level 1:colcon.colcon_core.package_identification:_identify(/home/daniel/CustomMultibot-master) by extension 'ignore'
[0.313s] Level 1:colcon.colcon_core.package_identification:_identify(/home/daniel/CustomMultibot-master) by extension 'ignore_ament_install'
[0.313s] Level 1:colcon.colcon_core.package_identification:_identify(/home/daniel/CustomMultibot-master) by extensions ['colcon_pkg']
[0.313s] Level 1:colcon.colcon_core.package_identification:_identify(/home/daniel/CustomMultibot-master) by extension 'colcon_pkg'
[0.313s] Level 1:colcon.colcon_core.package_identification:_identify(/home/daniel/CustomMultibot-master) by extensions ['colcon_meta']
[0.313s] Level 1:colcon.colcon_core.package_identification:_identify(/home/daniel/CustomMultibot-master) by extension 'colcon_meta'
[0.313s] Level 1:colcon.colcon_core.package_identification:_identify(/home/daniel/CustomMultibot-master) by extensions ['ros']
[0.313s] Level 1:colcon.colcon_core.package_identification:_identify(/home/daniel/CustomMultibot-master) by extension 'ros'
[0.414s] Level 1:colcon.colcon_core.package_identification:_identify(/home/daniel/CustomMultibot-master) by extensions ['cmake', 'python']
[0.414s] Level 1:colcon.colcon_core.package_identification:_identify(/home/daniel/CustomMultibot-master) by extension 'cmake'
[0.414s] Level 1:colcon.colcon_core.package_identification:_identify(/home/daniel/CustomMultibot-master) by extension 'python'
[0.415s] Level 1:colcon.colcon_core.package_identification:_identify(/home/daniel/CustomMultibot-master) by extensions ['python_setup_py']
[0.415s] Level 1:colcon.colcon_core.package_identification:_identify(/home/daniel/CustomMultibot-master) by extension 'python_setup_py'
[0.415s] Level 1:colcon.colcon_core.package_identification:_identify(/home/daniel/CustomMultibot-master/build) by extensions ['ignore', 'ignore_ament_install']
[0.415s] Level 1:colcon.colcon_core.package_identification:_identify(/home/daniel/CustomMultibot-master/build) by extension 'ignore'
[0.415s] Level 1:colcon.colcon_core.package_identification:_identify(/home/daniel/CustomMultibot-master/build) ignored
[0.415s] Level 1:colcon.colcon_core.package_identification:_identify(/home/daniel/CustomMultibot-master/install) by extensions ['ignore', 'ignore_ament_install']
[0.415s] Level 1:colcon.colcon_core.package_identification:_identify(/home/daniel/CustomMultibot-master/install) by extension 'ignore'
[0.415s] Level 1:colcon.colcon_core.package_identification:_identify(/home/daniel/CustomMultibot-master/install) ignored
[0.416s] Level 1:colcon.colcon_core.package_identification:_identify(/home/daniel/CustomMultibot-master/log) by extensions ['ignore', 'ignore_ament_install']
[0.416s] Level 1:colcon.colcon_core.package_identification:_identify(/home/daniel/CustomMultibot-master/log) by extension 'ignore'
[0.416s] Level 1:colcon.colcon_core.package_identification:_identify(/home/daniel/CustomMultibot-master/log) ignored
[0.416s] Level 1:colcon.colcon_core.package_identification:_identify(/home/daniel/CustomMultibot-master/src) by extensions ['ignore', 'ignore_ament_install']
[0.416s] Level 1:colcon.colcon_core.package_identification:_identify(/home/daniel/CustomMultibot-master/src) by extension 'ignore'
[0.416s] Level 1:colcon.colcon_core.package_identification:_identify(/home/daniel/CustomMultibot-master/src) by extension 'ignore_ament_install'
[0.416s] Level 1:colcon.colcon_core.package_identification:_identify(/home/daniel/CustomMultibot-master/src) by extensions ['colcon_pkg']
[0.417s] Level 1:colcon.colcon_core.package_identification:_identify(/home/daniel/CustomMultibot-master/src) by extension 'colcon_pkg'
[0.417s] Level 1:colcon.colcon_core.package_identification:_identify(/home/daniel/CustomMultibot-master/src) by extensions ['colcon_meta']
[0.417s] Level 1:colcon.colcon_core.package_identification:_identify(/home/daniel/CustomMultibot-master/src) by extension 'colcon_meta'
[0.417s] Level 1:colcon.colcon_core.package_identification:_identify(/home/daniel/CustomMultibot-master/src) by extensions ['ros']
[0.417s] Level 1:colcon.colcon_core.package_identification:_identify(/home/daniel/CustomMultibot-master/src) by extension 'ros'
[0.417s] Level 1:colcon.colcon_core.package_identification:_identify(/home/daniel/CustomMultibot-master/src) by extensions ['cmake', 'python']
[0.417s] Level 1:colcon.colcon_core.package_identification:_identify(/home/daniel/CustomMultibot-master/src) by extension 'cmake'
[0.417s] Level 1:colcon.colcon_core.package_identification:_identify(/home/daniel/CustomMultibot-master/src) by extension 'python'
[0.417s] Level 1:colcon.colcon_core.package_identification:_identify(/home/daniel/CustomMultibot-master/src) by extensions ['python_setup_py']
[0.417s] Level 1:colcon.colcon_core.package_identification:_identify(/home/daniel/CustomMultibot-master/src) by extension 'python_setup_py'
[0.417s] Level 1:colcon.colcon_core.package_identification:_identify(/home/daniel/CustomMultibot-master/src/nav2_bringup) by extensions ['ignore', 'ignore_ament_install']
[0.418s] Level 1:colcon.colcon_core.package_identification:_identify(/home/daniel/CustomMultibot-master/src/nav2_bringup) by extension 'ignore'
[0.418s] Level 1:colcon.colcon_core.package_identification:_identify(/home/daniel/CustomMultibot-master/src/nav2_bringup) by extension 'ignore_ament_install'
[0.418s] Level 1:colcon.colcon_core.package_identification:_identify(/home/daniel/CustomMultibot-master/src/nav2_bringup) by extensions ['colcon_pkg']
[0.418s] Level 1:colcon.colcon_core.package_identification:_identify(/home/daniel/CustomMultibot-master/src/nav2_bringup) by extension 'colcon_pkg'
[0.418s] Level 1:colcon.colcon_core.package_identification:_identify(/home/daniel/CustomMultibot-master/src/nav2_bringup) by extensions ['colcon_meta']
[0.418s] Level 1:colcon.colcon_core.package_identification:_identify(/home/daniel/CustomMultibot-master/src/nav2_bringup) by extension 'colcon_meta'
[0.418s] Level 1:colcon.colcon_core.package_identification:_identify(/home/daniel/CustomMultibot-master/src/nav2_bringup) by extensions ['ros']
[0.418s] Level 1:colcon.colcon_core.package_identification:_identify(/home/daniel/CustomMultibot-master/src/nav2_bringup) by extension 'ros'
[0.422s] DEBUG:colcon.colcon_core.package_identification:Package '/home/daniel/CustomMultibot-master/src/nav2_bringup' with type 'ros.ament_cmake' and name 'nav2_bringup'
[0.422s] Level 1:colcon.colcon_core.package_identification:_identify(/home/daniel/CustomMultibot-master/src/turtlebot3_gazebo) by extensions ['ignore', 'ignore_ament_install']
[0.422s] Level 1:colcon.colcon_core.package_identification:_identify(/home/daniel/CustomMultibot-master/src/turtlebot3_gazebo) by extension 'ignore'
[0.423s] Level 1:colcon.colcon_core.package_identification:_identify(/home/daniel/CustomMultibot-master/src/turtlebot3_gazebo) by extension 'ignore_ament_install'
[0.423s] Level 1:colcon.colcon_core.package_identification:_identify(/home/daniel/CustomMultibot-master/src/turtlebot3_gazebo) by extensions ['colcon_pkg']
[0.423s] Level 1:colcon.colcon_core.package_identification:_identify(/home/daniel/CustomMultibot-master/src/turtlebot3_gazebo) by extension 'colcon_pkg'
[0.423s] Level 1:colcon.colcon_core.package_identification:_identify(/home/daniel/CustomMultibot-master/src/turtlebot3_gazebo) by extensions ['colcon_meta']
[0.423s] Level 1:colcon.colcon_core.package_identification:_identify(/home/daniel/CustomMultibot-master/src/turtlebot3_gazebo) by extension 'colcon_meta'
[0.423s] Level 1:colcon.colcon_core.package_identification:_identify(/home/daniel/CustomMultibot-master/src/turtlebot3_gazebo) by extensions ['ros']
[0.423s] Level 1:colcon.colcon_core.package_identification:_identify(/home/daniel/CustomMultibot-master/src/turtlebot3_gazebo) by extension 'ros'
[0.424s] DEBUG:colcon.colcon_core.package_identification:Package '/home/daniel/CustomMultibot-master/src/turtlebot3_gazebo' with type 'ros.ament_cmake' and name 'turtlebot3_gazebo'
[0.424s] Level 1:colcon.colcon_core.package_identification:_identify(/home/daniel/CustomMultibot-master/src/turtlebot3_simulations) by extensions ['ignore', 'ignore_ament_install']
[0.424s] Level 1:colcon.colcon_core.package_identification:_identify(/home/daniel/CustomMultibot-master/src/turtlebot3_simulations) by extension 'ignore'
[0.424s] Level 1:colcon.colcon_core.package_identification:_identify(/home/daniel/CustomMultibot-master/src/turtlebot3_simulations) by extension 'ignore_ament_install'
[0.425s] Level 1:colcon.colcon_core.package_identification:_identify(/home/daniel/CustomMultibot-master/src/turtlebot3_simulations) by extensions ['colcon_pkg']
[0.425s] Level 1:colcon.colcon_core.package_identification:_identify(/home/daniel/CustomMultibot-master/src/turtlebot3_simulations) by extension 'colcon_pkg'
[0.425s] Level 1:colcon.colcon_core.package_identification:_identify(/home/daniel/CustomMultibot-master/src/turtlebot3_simulations) by extensions ['colcon_meta']
[0.425s] Level 1:colcon.colcon_core.package_identification:_identify(/home/daniel/CustomMultibot-master/src/turtlebot3_simulations) by extension 'colcon_meta'
[0.425s] Level 1:colcon.colcon_core.package_identification:_identify(/home/daniel/CustomMultibot-master/src/turtlebot3_simulations) by extensions ['ros']
[0.425s] Level 1:colcon.colcon_core.package_identification:_identify(/home/daniel/CustomMultibot-master/src/turtlebot3_simulations) by extension 'ros'
[0.426s] DEBUG:colcon.colcon_core.package_identification:Package '/home/daniel/CustomMultibot-master/src/turtlebot3_simulations' with type 'ros.ament_cmake' and name 'turtlebot3_simulations'
[0.426s] Level 1:colcon.colcon_core.package_discovery:discover_packages(recursive) using defaults
