[0.118s] Invoking command in '/home/daniel/CustomMultibot-master/build/nav2_bringup': CMAKE_PREFIX_PATH=/home/daniel/robots_ws/install/turtlebot3_simulations:/home/daniel/dan_ws/install/follow_waypoint:/opt/ros/humble:/home/daniel/robots_ws/install/turtlebot3_gazebo:/home/daniel/robots_ws/install/turtlebot3_fake_node:/home/daniel/robots_ws/install/multi_robot_rosbot:/home/daniel/robots_ws/install/articubot_one:/home/daniel/dan_ws/install/articubot_one /usr/bin/cmake /home/daniel/CustomMultibot-master/src/nav2_bringup -DAMENT_CMAKE_SYMLINK_INSTALL=1 -DCMAKE_INSTALL_PREFIX=/home/daniel/CustomMultibot-master/install/nav2_bringup
[1.129s] -- Found ament_cmake: 1.3.9 (/opt/ros/humble/share/ament_cmake/cmake)
[1.509s] -- Override CMake install command with custom implementation using symlinks instead of copying resources
[1.687s] -- Found nav2_common: 1.1.15 (/opt/ros/humble/share/nav2_common/cmake)
[1.701s] -- Found navigation2: 1.1.15 (/opt/ros/humble/share/navigation2/cmake)
[1.763s] -- Found ament_lint_auto: 0.12.11 (/opt/ros/humble/share/ament_lint_auto/cmake)
[2.376s] -- Added test 'copyright' to check source files copyright and LICENSE
[2.445s] -- Added test 'cppcheck' to perform static code analysis on C / C++ code
[2.445s] -- Configured cppcheck include dirs: 
[2.445s] -- Configured cppcheck exclude dirs and/or files: 
[2.453s] -- Added test 'cpplint' to check C / C++ code against the Google style
[2.453s] -- Configured cpplint exclude dirs and/or files: 
[2.454s] -- Added test 'flake8' to check Python code syntax and style conventions
[2.457s] -- Added test 'lint_cmake' to check CMake code style
[2.458s] -- Added test 'pep257' to check Python code against some of the docstring style conventions in PEP 257
[2.465s] -- Added test 'uncrustify' to check C / C++ code style
[2.465s] -- Configured uncrustify additional arguments: 
[2.467s] -- Added test 'xmllint' to check XML markup files
[2.480s] -- Configuring done
[2.594s] -- Generating done
[2.595s] -- Build files have been written to: /home/daniel/CustomMultibot-master/build/nav2_bringup
[2.756s] Invoked command in '/home/daniel/CustomMultibot-master/build/nav2_bringup' returned '0': CMAKE_PREFIX_PATH=/home/daniel/robots_ws/install/turtlebot3_simulations:/home/daniel/dan_ws/install/follow_waypoint:/opt/ros/humble:/home/daniel/robots_ws/install/turtlebot3_gazebo:/home/daniel/robots_ws/install/turtlebot3_fake_node:/home/daniel/robots_ws/install/multi_robot_rosbot:/home/daniel/robots_ws/install/articubot_one:/home/daniel/dan_ws/install/articubot_one /usr/bin/cmake /home/daniel/CustomMultibot-master/src/nav2_bringup -DAMENT_CMAKE_SYMLINK_INSTALL=1 -DCMAKE_INSTALL_PREFIX=/home/daniel/CustomMultibot-master/install/nav2_bringup
[2.758s] Invoking command in '/home/daniel/CustomMultibot-master/build/nav2_bringup': CMAKE_PREFIX_PATH=/home/daniel/robots_ws/install/turtlebot3_simulations:/home/daniel/dan_ws/install/follow_waypoint:/opt/ros/humble:/home/daniel/robots_ws/install/turtlebot3_gazebo:/home/daniel/robots_ws/install/turtlebot3_fake_node:/home/daniel/robots_ws/install/multi_robot_rosbot:/home/daniel/robots_ws/install/articubot_one:/home/daniel/dan_ws/install/articubot_one /usr/bin/cmake --build /home/daniel/CustomMultibot-master/build/nav2_bringup -- -j8 -l8
[2.879s] Invoked command in '/home/daniel/CustomMultibot-master/build/nav2_bringup' returned '0': CMAKE_PREFIX_PATH=/home/daniel/robots_ws/install/turtlebot3_simulations:/home/daniel/dan_ws/install/follow_waypoint:/opt/ros/humble:/home/daniel/robots_ws/install/turtlebot3_gazebo:/home/daniel/robots_ws/install/turtlebot3_fake_node:/home/daniel/robots_ws/install/multi_robot_rosbot:/home/daniel/robots_ws/install/articubot_one:/home/daniel/dan_ws/install/articubot_one /usr/bin/cmake --build /home/daniel/CustomMultibot-master/build/nav2_bringup -- -j8 -l8
[2.912s] Invoking command in '/home/daniel/CustomMultibot-master/build/nav2_bringup': CMAKE_PREFIX_PATH=/home/daniel/robots_ws/install/turtlebot3_simulations:/home/daniel/dan_ws/install/follow_waypoint:/opt/ros/humble:/home/daniel/robots_ws/install/turtlebot3_gazebo:/home/daniel/robots_ws/install/turtlebot3_fake_node:/home/daniel/robots_ws/install/multi_robot_rosbot:/home/daniel/robots_ws/install/articubot_one:/home/daniel/dan_ws/install/articubot_one /usr/bin/cmake --install /home/daniel/CustomMultibot-master/build/nav2_bringup
[2.920s] -- Install configuration: "Release"
[2.920s] -- Execute custom install script
[2.926s] -- Symlinking: /home/daniel/CustomMultibot-master/install/nav2_bringup/share/nav2_bringup/launch/bringup_launch.py
[2.936s] -- Symlinking: /home/daniel/CustomMultibot-master/install/nav2_bringup/share/nav2_bringup/launch/cloned_multi_tb3_simulation_launch.py
[2.946s] -- Symlinking: /home/daniel/CustomMultibot-master/install/nav2_bringup/share/nav2_bringup/launch/localization_launch.py
[2.955s] -- Symlinking: /home/daniel/CustomMultibot-master/install/nav2_bringup/share/nav2_bringup/launch/navigation_launch.py
[2.966s] -- Symlinking: /home/daniel/CustomMultibot-master/install/nav2_bringup/share/nav2_bringup/launch/rviz_launch.py
[2.976s] -- Symlinking: /home/daniel/CustomMultibot-master/install/nav2_bringup/share/nav2_bringup/launch/slam_launch.py
[2.987s] -- Symlinking: /home/daniel/CustomMultibot-master/install/nav2_bringup/share/nav2_bringup/launch/tb3_simulation_launch.py
[2.997s] -- Symlinking: /home/daniel/CustomMultibot-master/install/nav2_bringup/share/nav2_bringup/launch/unique_multi_tb3_simulation_launch.py
[3.007s] -- Symlinking: /home/daniel/CustomMultibot-master/install/nav2_bringup/share/nav2_bringup/launch/warehouse_multibot_launch.py
[3.017s] -- Symlinking: /home/daniel/CustomMultibot-master/install/nav2_bringup/share/nav2_bringup/maps/new_warehouse_save.pgm
[3.027s] -- Symlinking: /home/daniel/CustomMultibot-master/install/nav2_bringup/share/nav2_bringup/maps/new_warehouse_save.yaml
[3.036s] -- Symlinking: /home/daniel/CustomMultibot-master/install/nav2_bringup/share/nav2_bringup/maps/turtlebot3_world.pgm
[3.046s] -- Symlinking: /home/daniel/CustomMultibot-master/install/nav2_bringup/share/nav2_bringup/maps/turtlebot3_world.yaml
[3.056s] -- Symlinking: /home/daniel/CustomMultibot-master/install/nav2_bringup/share/nav2_bringup/rviz/nav2_default_view.rviz
[3.067s] -- Symlinking: /home/daniel/CustomMultibot-master/install/nav2_bringup/share/nav2_bringup/rviz/nav2_namespaced_view.rviz
[3.077s] -- Symlinking: /home/daniel/CustomMultibot-master/install/nav2_bringup/share/nav2_bringup/worlds/waffle.model
[3.087s] -- Symlinking: /home/daniel/CustomMultibot-master/install/nav2_bringup/share/nav2_bringup/worlds/warehouse.world
[3.097s] -- Symlinking: /home/daniel/CustomMultibot-master/install/nav2_bringup/share/nav2_bringup/worlds/world_only.model
[3.107s] -- Symlinking: /home/daniel/CustomMultibot-master/install/nav2_bringup/share/nav2_bringup/params/nav2_multirobot_params_1.yaml
[3.117s] -- Symlinking: /home/daniel/CustomMultibot-master/install/nav2_bringup/share/nav2_bringup/params/nav2_multirobot_params_2.yaml
[3.127s] -- Symlinking: /home/daniel/CustomMultibot-master/install/nav2_bringup/share/nav2_bringup/params/nav2_multirobot_params_all.yaml
[3.137s] -- Symlinking: /home/daniel/CustomMultibot-master/install/nav2_bringup/share/nav2_bringup/params/nav2_params.yaml
[3.148s] -- Symlinking: /home/daniel/CustomMultibot-master/install/nav2_bringup/share/nav2_bringup/urdf/turtlebot3_waffle.urdf
[3.160s] -- Symlinking: /home/daniel/CustomMultibot-master/install/nav2_bringup/share/ament_index/resource_index/package_run_dependencies/nav2_bringup
[3.171s] -- Symlinking: /home/daniel/CustomMultibot-master/install/nav2_bringup/share/ament_index/resource_index/parent_prefix_path/nav2_bringup
[3.181s] -- Symlinking: /home/daniel/CustomMultibot-master/install/nav2_bringup/share/nav2_bringup/environment/ament_prefix_path.sh
[3.191s] -- Symlinking: /home/daniel/CustomMultibot-master/install/nav2_bringup/share/nav2_bringup/environment/ament_prefix_path.dsv
[3.201s] -- Symlinking: /home/daniel/CustomMultibot-master/install/nav2_bringup/share/nav2_bringup/environment/path.sh
[3.210s] -- Symlinking: /home/daniel/CustomMultibot-master/install/nav2_bringup/share/nav2_bringup/environment/path.dsv
[3.221s] -- Symlinking: /home/daniel/CustomMultibot-master/install/nav2_bringup/share/nav2_bringup/local_setup.bash
[3.231s] -- Symlinking: /home/daniel/CustomMultibot-master/install/nav2_bringup/share/nav2_bringup/local_setup.sh
[3.240s] -- Symlinking: /home/daniel/CustomMultibot-master/install/nav2_bringup/share/nav2_bringup/local_setup.zsh
[3.250s] -- Symlinking: /home/daniel/CustomMultibot-master/install/nav2_bringup/share/nav2_bringup/local_setup.dsv
[3.260s] -- Symlinking: /home/daniel/CustomMultibot-master/install/nav2_bringup/share/nav2_bringup/package.dsv
[3.271s] -- Symlinking: /home/daniel/CustomMultibot-master/install/nav2_bringup/share/ament_index/resource_index/packages/nav2_bringup
[3.281s] -- Symlinking: /home/daniel/CustomMultibot-master/install/nav2_bringup/share/nav2_bringup/cmake/nav2_bringupConfig.cmake
[3.292s] -- Symlinking: /home/daniel/CustomMultibot-master/install/nav2_bringup/share/nav2_bringup/cmake/nav2_bringupConfig-version.cmake
[3.301s] -- Symlinking: /home/daniel/CustomMultibot-master/install/nav2_bringup/share/nav2_bringup/package.xml
[3.313s] Invoked command in '/home/daniel/CustomMultibot-master/build/nav2_bringup' returned '0': CMAKE_PREFIX_PATH=/home/daniel/robots_ws/install/turtlebot3_simulations:/home/daniel/dan_ws/install/follow_waypoint:/opt/ros/humble:/home/daniel/robots_ws/install/turtlebot3_gazebo:/home/daniel/robots_ws/install/turtlebot3_fake_node:/home/daniel/robots_ws/install/multi_robot_rosbot:/home/daniel/robots_ws/install/articubot_one:/home/daniel/dan_ws/install/articubot_one /usr/bin/cmake --install /home/daniel/CustomMultibot-master/build/nav2_bringup
