[0.235s] Invoking command in '/home/daniel/CustomMultibot-master/build/turtlebot3_gazebo': CMAKE_PREFIX_PATH=/home/daniel/robots_ws/install/turtlebot3_simulations:/home/daniel/dan_ws/install/follow_waypoint:/opt/ros/humble:/home/daniel/robots_ws/install/turtlebot3_gazebo:/home/daniel/robots_ws/install/turtlebot3_fake_node:/home/daniel/robots_ws/install/multi_robot_rosbot:/home/daniel/robots_ws/install/articubot_one:/home/daniel/dan_ws/install/articubot_one /usr/bin/cmake --build /home/daniel/CustomMultibot-master/build/turtlebot3_gazebo -- -j8 -l8
[3.892s] [ 25%] Built target turtlebot3_drive
[4.582s] [100%] Built target obstacle1
[4.582s] [100%] Built target obstacle2
[4.582s] [100%] Built target obstacles
[4.595s] Invoked command in '/home/daniel/CustomMultibot-master/build/turtlebot3_gazebo' returned '0': CMAKE_PREFIX_PATH=/home/daniel/robots_ws/install/turtlebot3_simulations:/home/daniel/dan_ws/install/follow_waypoint:/opt/ros/humble:/home/daniel/robots_ws/install/turtlebot3_gazebo:/home/daniel/robots_ws/install/turtlebot3_fake_node:/home/daniel/robots_ws/install/multi_robot_rosbot:/home/daniel/robots_ws/install/articubot_one:/home/daniel/dan_ws/install/articubot_one /usr/bin/cmake --build /home/daniel/CustomMultibot-master/build/turtlebot3_gazebo -- -j8 -l8
[4.634s] Invoking command in '/home/daniel/CustomMultibot-master/build/turtlebot3_gazebo': CMAKE_PREFIX_PATH=/home/daniel/robots_ws/install/turtlebot3_simulations:/home/daniel/dan_ws/install/follow_waypoint:/opt/ros/humble:/home/daniel/robots_ws/install/turtlebot3_gazebo:/home/daniel/robots_ws/install/turtlebot3_fake_node:/home/daniel/robots_ws/install/multi_robot_rosbot:/home/daniel/robots_ws/install/articubot_one:/home/daniel/dan_ws/install/articubot_one /usr/bin/cmake --install /home/daniel/CustomMultibot-master/build/turtlebot3_gazebo
[4.660s] -- Install configuration: ""
[4.661s] -- Execute custom install script
[4.727s] -- Up-to-date symlink: /home/daniel/CustomMultibot-master/install/turtlebot3_gazebo/lib/turtlebot3_gazebo/turtlebot3_drive
[4.740s] -- Up-to-date symlink: /home/daniel/CustomMultibot-master/install/turtlebot3_gazebo/share/turtlebot3_gazebo//launch/empty_world.launch.py
[4.740s] -- Up-to-date symlink: /home/daniel/CustomMultibot-master/install/turtlebot3_gazebo/share/turtlebot3_gazebo//launch/robot_state_publisher.launch.py
[4.741s] -- Up-to-date symlink: /home/daniel/CustomMultibot-master/install/turtlebot3_gazebo/share/turtlebot3_gazebo//launch/spawn_turtlebot3.launch.py
[4.741s] -- Up-to-date symlink: /home/daniel/CustomMultibot-master/install/turtlebot3_gazebo/share/turtlebot3_gazebo//launch/turtlebot3_dqn_stage1.launch.py
[4.741s] -- Up-to-date symlink: /home/daniel/CustomMultibot-master/install/turtlebot3_gazebo/share/turtlebot3_gazebo//launch/turtlebot3_dqn_stage2.launch.py
[4.742s] -- Up-to-date symlink: /home/daniel/CustomMultibot-master/install/turtlebot3_gazebo/share/turtlebot3_gazebo//launch/turtlebot3_dqn_stage3.launch.py
[4.742s] -- Up-to-date symlink: /home/daniel/CustomMultibot-master/install/turtlebot3_gazebo/share/turtlebot3_gazebo//launch/turtlebot3_dqn_stage4.launch.py
[4.742s] -- Up-to-date symlink: /home/daniel/CustomMultibot-master/install/turtlebot3_gazebo/share/turtlebot3_gazebo//launch/turtlebot3_house.launch.py
[4.742s] -- Up-to-date symlink: /home/daniel/CustomMultibot-master/install/turtlebot3_gazebo/share/turtlebot3_gazebo//launch/turtlebot3_world.launch.py
[4.743s] -- Up-to-date symlink: /home/daniel/CustomMultibot-master/install/turtlebot3_gazebo/share/turtlebot3_gazebo//launch/warehouse_world.launch.py
[4.747s] -- Up-to-date symlink: /home/daniel/CustomMultibot-master/install/turtlebot3_gazebo/share/turtlebot3_gazebo//models/turtlebot3_burger/model-1_4.sdf
[4.748s] -- Up-to-date symlink: /home/daniel/CustomMultibot-master/install/turtlebot3_gazebo/share/turtlebot3_gazebo//models/turtlebot3_burger/model.config
[4.748s] -- Up-to-date symlink: /home/daniel/CustomMultibot-master/install/turtlebot3_gazebo/share/turtlebot3_gazebo//models/turtlebot3_burger/model.sdf
[4.749s] -- Up-to-date symlink: /home/daniel/CustomMultibot-master/install/turtlebot3_gazebo/share/turtlebot3_gazebo//models/turtlebot3_common/meshes/burger_base.dae
[4.749s] -- Up-to-date symlink: /home/daniel/CustomMultibot-master/install/turtlebot3_gazebo/share/turtlebot3_gazebo//models/turtlebot3_common/meshes/lds.dae
[4.749s] -- Up-to-date symlink: /home/daniel/CustomMultibot-master/install/turtlebot3_gazebo/share/turtlebot3_gazebo//models/turtlebot3_common/meshes/r200.dae
[4.750s] -- Up-to-date symlink: /home/daniel/CustomMultibot-master/install/turtlebot3_gazebo/share/turtlebot3_gazebo//models/turtlebot3_common/meshes/tire.dae
[4.750s] -- Up-to-date symlink: /home/daniel/CustomMultibot-master/install/turtlebot3_gazebo/share/turtlebot3_gazebo//models/turtlebot3_common/meshes/waffle_base.dae
[4.750s] -- Up-to-date symlink: /home/daniel/CustomMultibot-master/install/turtlebot3_gazebo/share/turtlebot3_gazebo//models/turtlebot3_common/meshes/waffle_pi_base.dae
[4.750s] -- Up-to-date symlink: /home/daniel/CustomMultibot-master/install/turtlebot3_gazebo/share/turtlebot3_gazebo//models/turtlebot3_common/model.config
[4.751s] -- Up-to-date symlink: /home/daniel/CustomMultibot-master/install/turtlebot3_gazebo/share/turtlebot3_gazebo//models/turtlebot3_dqn_world/goal_box/model.config
[4.751s] -- Up-to-date symlink: /home/daniel/CustomMultibot-master/install/turtlebot3_gazebo/share/turtlebot3_gazebo//models/turtlebot3_dqn_world/goal_box/model.sdf
[4.752s] -- Up-to-date symlink: /home/daniel/CustomMultibot-master/install/turtlebot3_gazebo/share/turtlebot3_gazebo//models/turtlebot3_dqn_world/inner_walls/model.config
[4.752s] -- Up-to-date symlink: /home/daniel/CustomMultibot-master/install/turtlebot3_gazebo/share/turtlebot3_gazebo//models/turtlebot3_dqn_world/inner_walls/model.sdf
[4.752s] -- Up-to-date symlink: /home/daniel/CustomMultibot-master/install/turtlebot3_gazebo/share/turtlebot3_gazebo//models/turtlebot3_dqn_world/model.config
[4.753s] -- Up-to-date symlink: /home/daniel/CustomMultibot-master/install/turtlebot3_gazebo/share/turtlebot3_gazebo//models/turtlebot3_dqn_world/model.sdf
[4.753s] -- Up-to-date symlink: /home/daniel/CustomMultibot-master/install/turtlebot3_gazebo/share/turtlebot3_gazebo//models/turtlebot3_dqn_world/obstacle1/model.config
[4.754s] -- Up-to-date symlink: /home/daniel/CustomMultibot-master/install/turtlebot3_gazebo/share/turtlebot3_gazebo//models/turtlebot3_dqn_world/obstacle1/model.sdf
[4.754s] -- Up-to-date symlink: /home/daniel/CustomMultibot-master/install/turtlebot3_gazebo/share/turtlebot3_gazebo//models/turtlebot3_dqn_world/obstacle2/model.config
[4.754s] -- Up-to-date symlink: /home/daniel/CustomMultibot-master/install/turtlebot3_gazebo/share/turtlebot3_gazebo//models/turtlebot3_dqn_world/obstacle2/model.sdf
[4.755s] -- Up-to-date symlink: /home/daniel/CustomMultibot-master/install/turtlebot3_gazebo/share/turtlebot3_gazebo//models/turtlebot3_dqn_world/obstacle_plugin/CMakeLists.txt
[4.755s] -- Up-to-date symlink: /home/daniel/CustomMultibot-master/install/turtlebot3_gazebo/share/turtlebot3_gazebo//models/turtlebot3_dqn_world/obstacle_plugin/obstacle1.cc
[4.756s] -- Up-to-date symlink: /home/daniel/CustomMultibot-master/install/turtlebot3_gazebo/share/turtlebot3_gazebo//models/turtlebot3_dqn_world/obstacle_plugin/obstacle2.cc
[4.756s] -- Up-to-date symlink: /home/daniel/CustomMultibot-master/install/turtlebot3_gazebo/share/turtlebot3_gazebo//models/turtlebot3_dqn_world/obstacle_plugin/obstacles.cc
[4.757s] -- Up-to-date symlink: /home/daniel/CustomMultibot-master/install/turtlebot3_gazebo/share/turtlebot3_gazebo//models/turtlebot3_dqn_world/obstacles/model.config
[4.757s] -- Up-to-date symlink: /home/daniel/CustomMultibot-master/install/turtlebot3_gazebo/share/turtlebot3_gazebo//models/turtlebot3_dqn_world/obstacles/model.sdf
[4.758s] -- Up-to-date symlink: /home/daniel/CustomMultibot-master/install/turtlebot3_gazebo/share/turtlebot3_gazebo//models/turtlebot3_house/model.config
[4.758s] -- Up-to-date symlink: /home/daniel/CustomMultibot-master/install/turtlebot3_gazebo/share/turtlebot3_gazebo//models/turtlebot3_house/model.sdf
[4.759s] -- Up-to-date symlink: /home/daniel/CustomMultibot-master/install/turtlebot3_gazebo/share/turtlebot3_gazebo//models/turtlebot3_waffle/model-1_4.sdf
[4.759s] -- Up-to-date symlink: /home/daniel/CustomMultibot-master/install/turtlebot3_gazebo/share/turtlebot3_gazebo//models/turtlebot3_waffle/model.config
[4.759s] -- Up-to-date symlink: /home/daniel/CustomMultibot-master/install/turtlebot3_gazebo/share/turtlebot3_gazebo//models/turtlebot3_waffle/model.sdf
[4.760s] -- Up-to-date symlink: /home/daniel/CustomMultibot-master/install/turtlebot3_gazebo/share/turtlebot3_gazebo//models/turtlebot3_waffle_pi/model-1_4_.sdf
[4.760s] -- Up-to-date symlink: /home/daniel/CustomMultibot-master/install/turtlebot3_gazebo/share/turtlebot3_gazebo//models/turtlebot3_waffle_pi/model.config
[4.761s] -- Up-to-date symlink: /home/daniel/CustomMultibot-master/install/turtlebot3_gazebo/share/turtlebot3_gazebo//models/turtlebot3_waffle_pi/model.sdf
[4.761s] -- Up-to-date symlink: /home/daniel/CustomMultibot-master/install/turtlebot3_gazebo/share/turtlebot3_gazebo//models/turtlebot3_world/meshes/hexagon.dae
[4.762s] -- Up-to-date symlink: /home/daniel/CustomMultibot-master/install/turtlebot3_gazebo/share/turtlebot3_gazebo//models/turtlebot3_world/meshes/wall.dae
[4.762s] -- Up-to-date symlink: /home/daniel/CustomMultibot-master/install/turtlebot3_gazebo/share/turtlebot3_gazebo//models/turtlebot3_world/model-1_4.sdf
[4.762s] -- Up-to-date symlink: /home/daniel/CustomMultibot-master/install/turtlebot3_gazebo/share/turtlebot3_gazebo//models/turtlebot3_world/model.config
[4.763s] -- Up-to-date symlink: /home/daniel/CustomMultibot-master/install/turtlebot3_gazebo/share/turtlebot3_gazebo//models/turtlebot3_world/model.sdf
[4.763s] -- Up-to-date symlink: /home/daniel/CustomMultibot-master/install/turtlebot3_gazebo/share/turtlebot3_gazebo//rviz/tb3_gazebo.rviz
[4.764s] -- Up-to-date symlink: /home/daniel/CustomMultibot-master/install/turtlebot3_gazebo/share/turtlebot3_gazebo//urdf/common_properties.urdf
[4.764s] -- Up-to-date symlink: /home/daniel/CustomMultibot-master/install/turtlebot3_gazebo/share/turtlebot3_gazebo//urdf/turtlebot3_burger.urdf
[4.764s] -- Up-to-date symlink: /home/daniel/CustomMultibot-master/install/turtlebot3_gazebo/share/turtlebot3_gazebo//urdf/turtlebot3_waffle.urdf
[4.765s] -- Up-to-date symlink: /home/daniel/CustomMultibot-master/install/turtlebot3_gazebo/share/turtlebot3_gazebo//urdf/turtlebot3_waffle_pi.urdf
[4.765s] -- Up-to-date symlink: /home/daniel/CustomMultibot-master/install/turtlebot3_gazebo/share/turtlebot3_gazebo//worlds/empty_world.world
[4.766s] -- Up-to-date symlink: /home/daniel/CustomMultibot-master/install/turtlebot3_gazebo/share/turtlebot3_gazebo//worlds/turtlebot3_dqn_stage1.world
[4.766s] -- Up-to-date symlink: /home/daniel/CustomMultibot-master/install/turtlebot3_gazebo/share/turtlebot3_gazebo//worlds/turtlebot3_dqn_stage2.world
[4.766s] -- Up-to-date symlink: /home/daniel/CustomMultibot-master/install/turtlebot3_gazebo/share/turtlebot3_gazebo//worlds/turtlebot3_dqn_stage3.world
[4.766s] -- Up-to-date symlink: /home/daniel/CustomMultibot-master/install/turtlebot3_gazebo/share/turtlebot3_gazebo//worlds/turtlebot3_dqn_stage4.world
[4.767s] -- Up-to-date symlink: /home/daniel/CustomMultibot-master/install/turtlebot3_gazebo/share/turtlebot3_gazebo//worlds/turtlebot3_house.world
[4.767s] -- Up-to-date symlink: /home/daniel/CustomMultibot-master/install/turtlebot3_gazebo/share/turtlebot3_gazebo//worlds/turtlebot3_world.world
[4.767s] -- Up-to-date symlink: /home/daniel/CustomMultibot-master/install/turtlebot3_gazebo/share/turtlebot3_gazebo//worlds/warehouse.world
[4.768s] -- Up-to-date symlink: /home/daniel/CustomMultibot-master/install/turtlebot3_gazebo/include//turtlebot3_gazebo/turtlebot3_drive.hpp
[4.769s] -- Up-to-date symlink: /home/daniel/CustomMultibot-master/install/turtlebot3_gazebo/share/ament_index/resource_index/package_run_dependencies/turtlebot3_gazebo
[4.769s] -- Up-to-date symlink: /home/daniel/CustomMultibot-master/install/turtlebot3_gazebo/share/ament_index/resource_index/parent_prefix_path/turtlebot3_gazebo
[4.770s] -- Up-to-date symlink: /home/daniel/CustomMultibot-master/install/turtlebot3_gazebo/share/turtlebot3_gazebo/environment/ament_prefix_path.sh
[4.770s] -- Up-to-date symlink: /home/daniel/CustomMultibot-master/install/turtlebot3_gazebo/share/turtlebot3_gazebo/environment/ament_prefix_path.dsv
[4.770s] -- Up-to-date symlink: /home/daniel/CustomMultibot-master/install/turtlebot3_gazebo/share/turtlebot3_gazebo/environment/path.sh
[4.770s] -- Up-to-date symlink: /home/daniel/CustomMultibot-master/install/turtlebot3_gazebo/share/turtlebot3_gazebo/environment/path.dsv
[4.771s] -- Up-to-date symlink: /home/daniel/CustomMultibot-master/install/turtlebot3_gazebo/share/turtlebot3_gazebo/local_setup.bash
[4.771s] -- Up-to-date symlink: /home/daniel/CustomMultibot-master/install/turtlebot3_gazebo/share/turtlebot3_gazebo/local_setup.sh
[4.771s] -- Up-to-date symlink: /home/daniel/CustomMultibot-master/install/turtlebot3_gazebo/share/turtlebot3_gazebo/local_setup.zsh
[4.772s] -- Up-to-date symlink: /home/daniel/CustomMultibot-master/install/turtlebot3_gazebo/share/turtlebot3_gazebo/local_setup.dsv
[4.772s] -- Symlinking: /home/daniel/CustomMultibot-master/install/turtlebot3_gazebo/share/turtlebot3_gazebo/package.dsv
[4.782s] -- Up-to-date symlink: /home/daniel/CustomMultibot-master/install/turtlebot3_gazebo/share/ament_index/resource_index/packages/turtlebot3_gazebo
[4.783s] -- Up-to-date symlink: /home/daniel/CustomMultibot-master/install/turtlebot3_gazebo/share/turtlebot3_gazebo/cmake/ament_cmake_export_include_directories-extras.cmake
[4.783s] -- Up-to-date symlink: /home/daniel/CustomMultibot-master/install/turtlebot3_gazebo/share/turtlebot3_gazebo/cmake/ament_cmake_export_dependencies-extras.cmake
[4.783s] -- Up-to-date symlink: /home/daniel/CustomMultibot-master/install/turtlebot3_gazebo/share/turtlebot3_gazebo/cmake/turtlebot3_gazeboConfig.cmake
[4.783s] -- Up-to-date symlink: /home/daniel/CustomMultibot-master/install/turtlebot3_gazebo/share/turtlebot3_gazebo/cmake/turtlebot3_gazeboConfig-version.cmake
[4.784s] -- Up-to-date symlink: /home/daniel/CustomMultibot-master/install/turtlebot3_gazebo/share/turtlebot3_gazebo/package.xml
[4.786s] Invoked command in '/home/daniel/CustomMultibot-master/build/turtlebot3_gazebo' returned '0': CMAKE_PREFIX_PATH=/home/daniel/robots_ws/install/turtlebot3_simulations:/home/daniel/dan_ws/install/follow_waypoint:/opt/ros/humble:/home/daniel/robots_ws/install/turtlebot3_gazebo:/home/daniel/robots_ws/install/turtlebot3_fake_node:/home/daniel/robots_ws/install/multi_robot_rosbot:/home/daniel/robots_ws/install/articubot_one:/home/daniel/dan_ws/install/articubot_one /usr/bin/cmake --install /home/daniel/CustomMultibot-master/build/turtlebot3_gazebo
