[0.205s] Invoking command in '/home/daniel/CustomMultibot-master/build/turtlebot3_simulations': AMENT_PREFIX_PATH=/home/daniel/CustomMultibot-master/install/turtlebot3_gazebo:${AMENT_PREFIX_PATH} CMAKE_PREFIX_PATH=/home/daniel/CustomMultibot-master/install/turtlebot3_gazebo:/home/daniel/robots_ws/install/turtlebot3_simulations:/home/daniel/dan_ws/install/follow_waypoint:/opt/ros/humble:/home/daniel/robots_ws/install/turtlebot3_gazebo:/home/daniel/robots_ws/install/turtlebot3_fake_node:/home/daniel/robots_ws/install/multi_robot_rosbot:/home/daniel/robots_ws/install/articubot_one:/home/daniel/dan_ws/install/articubot_one /usr/bin/cmake /home/daniel/CustomMultibot-master/src/turtlebot3_simulations -DCMAKE_INSTALL_PREFIX=/home/daniel/CustomMultibot-master/install/turtlebot3_simulations
[0.315s] -- Found ament_cmake: 1.3.9 (/opt/ros/humble/share/ament_cmake/cmake)
[0.601s] -- Override CMake install command with custom implementation using symlinks instead of copying resources
[0.752s] -- Configuring done
[0.897s] -- Generating done
[0.898s] -- Build files have been written to: /home/daniel/CustomMultibot-master/build/turtlebot3_simulations
[0.902s] Invoked command in '/home/daniel/CustomMultibot-master/build/turtlebot3_simulations' returned '0': AMENT_PREFIX_PATH=/home/daniel/CustomMultibot-master/install/turtlebot3_gazebo:${AMENT_PREFIX_PATH} CMAKE_PREFIX_PATH=/home/daniel/CustomMultibot-master/install/turtlebot3_gazebo:/home/daniel/robots_ws/install/turtlebot3_simulations:/home/daniel/dan_ws/install/follow_waypoint:/opt/ros/humble:/home/daniel/robots_ws/install/turtlebot3_gazebo:/home/daniel/robots_ws/install/turtlebot3_fake_node:/home/daniel/robots_ws/install/multi_robot_rosbot:/home/daniel/robots_ws/install/articubot_one:/home/daniel/dan_ws/install/articubot_one /usr/bin/cmake /home/daniel/CustomMultibot-master/src/turtlebot3_simulations -DCMAKE_INSTALL_PREFIX=/home/daniel/CustomMultibot-master/install/turtlebot3_simulations
[0.904s] Invoking command in '/home/daniel/CustomMultibot-master/build/turtlebot3_simulations': AMENT_PREFIX_PATH=/home/daniel/CustomMultibot-master/install/turtlebot3_gazebo:${AMENT_PREFIX_PATH} CMAKE_PREFIX_PATH=/home/daniel/CustomMultibot-master/install/turtlebot3_gazebo:/home/daniel/robots_ws/install/turtlebot3_simulations:/home/daniel/dan_ws/install/follow_waypoint:/opt/ros/humble:/home/daniel/robots_ws/install/turtlebot3_gazebo:/home/daniel/robots_ws/install/turtlebot3_fake_node:/home/daniel/robots_ws/install/multi_robot_rosbot:/home/daniel/robots_ws/install/articubot_one:/home/daniel/dan_ws/install/articubot_one /usr/bin/cmake --build /home/daniel/CustomMultibot-master/build/turtlebot3_simulations -- -j8 -l8
[0.952s] Invoked command in '/home/daniel/CustomMultibot-master/build/turtlebot3_simulations' returned '0': AMENT_PREFIX_PATH=/home/daniel/CustomMultibot-master/install/turtlebot3_gazebo:${AMENT_PREFIX_PATH} CMAKE_PREFIX_PATH=/home/daniel/CustomMultibot-master/install/turtlebot3_gazebo:/home/daniel/robots_ws/install/turtlebot3_simulations:/home/daniel/dan_ws/install/follow_waypoint:/opt/ros/humble:/home/daniel/robots_ws/install/turtlebot3_gazebo:/home/daniel/robots_ws/install/turtlebot3_fake_node:/home/daniel/robots_ws/install/multi_robot_rosbot:/home/daniel/robots_ws/install/articubot_one:/home/daniel/dan_ws/install/articubot_one /usr/bin/cmake --build /home/daniel/CustomMultibot-master/build/turtlebot3_simulations -- -j8 -l8
[0.978s] Invoking command in '/home/daniel/CustomMultibot-master/build/turtlebot3_simulations': AMENT_PREFIX_PATH=/home/daniel/CustomMultibot-master/install/turtlebot3_gazebo:${AMENT_PREFIX_PATH} CMAKE_PREFIX_PATH=/home/daniel/CustomMultibot-master/install/turtlebot3_gazebo:/home/daniel/robots_ws/install/turtlebot3_simulations:/home/daniel/dan_ws/install/follow_waypoint:/opt/ros/humble:/home/daniel/robots_ws/install/turtlebot3_gazebo:/home/daniel/robots_ws/install/turtlebot3_fake_node:/home/daniel/robots_ws/install/multi_robot_rosbot:/home/daniel/robots_ws/install/articubot_one:/home/daniel/dan_ws/install/articubot_one /usr/bin/cmake --install /home/daniel/CustomMultibot-master/build/turtlebot3_simulations
[0.986s] -- Install configuration: ""
[0.987s] -- Execute custom install script
[0.988s] -- Up-to-date symlink: /home/daniel/CustomMultibot-master/install/turtlebot3_simulations/share/ament_index/resource_index/package_run_dependencies/turtlebot3_simulations
[0.988s] -- Up-to-date symlink: /home/daniel/CustomMultibot-master/install/turtlebot3_simulations/share/ament_index/resource_index/parent_prefix_path/turtlebot3_simulations
[0.989s] -- Up-to-date symlink: /home/daniel/CustomMultibot-master/install/turtlebot3_simulations/share/turtlebot3_simulations/environment/ament_prefix_path.sh
[0.989s] -- Up-to-date symlink: /home/daniel/CustomMultibot-master/install/turtlebot3_simulations/share/turtlebot3_simulations/environment/ament_prefix_path.dsv
[0.990s] -- Up-to-date symlink: /home/daniel/CustomMultibot-master/install/turtlebot3_simulations/share/turtlebot3_simulations/environment/path.sh
[0.990s] -- Up-to-date symlink: /home/daniel/CustomMultibot-master/install/turtlebot3_simulations/share/turtlebot3_simulations/environment/path.dsv
[0.991s] -- Up-to-date symlink: /home/daniel/CustomMultibot-master/install/turtlebot3_simulations/share/turtlebot3_simulations/local_setup.bash
[0.991s] -- Up-to-date symlink: /home/daniel/CustomMultibot-master/install/turtlebot3_simulations/share/turtlebot3_simulations/local_setup.sh
[0.991s] -- Up-to-date symlink: /home/daniel/CustomMultibot-master/install/turtlebot3_simulations/share/turtlebot3_simulations/local_setup.zsh
[0.992s] -- Up-to-date symlink: /home/daniel/CustomMultibot-master/install/turtlebot3_simulations/share/turtlebot3_simulations/local_setup.dsv
[0.992s] -- Symlinking: /home/daniel/CustomMultibot-master/install/turtlebot3_simulations/share/turtlebot3_simulations/package.dsv
[1.004s] -- Up-to-date symlink: /home/daniel/CustomMultibot-master/install/turtlebot3_simulations/share/ament_index/resource_index/packages/turtlebot3_simulations
[1.006s] -- Up-to-date symlink: /home/daniel/CustomMultibot-master/install/turtlebot3_simulations/share/turtlebot3_simulations/cmake/turtlebot3_simulationsConfig.cmake
[1.007s] -- Up-to-date symlink: /home/daniel/CustomMultibot-master/install/turtlebot3_simulations/share/turtlebot3_simulations/cmake/turtlebot3_simulationsConfig-version.cmake
[1.008s] -- Up-to-date symlink: /home/daniel/CustomMultibot-master/install/turtlebot3_simulations/share/turtlebot3_simulations/package.xml
[1.011s] Invoked command in '/home/daniel/CustomMultibot-master/build/turtlebot3_simulations' returned '0': AMENT_PREFIX_PATH=/home/daniel/CustomMultibot-master/install/turtlebot3_gazebo:${AMENT_PREFIX_PATH} CMAKE_PREFIX_PATH=/home/daniel/CustomMultibot-master/install/turtlebot3_gazebo:/home/daniel/robots_ws/install/turtlebot3_simulations:/home/daniel/dan_ws/install/follow_waypoint:/opt/ros/humble:/home/daniel/robots_ws/install/turtlebot3_gazebo:/home/daniel/robots_ws/install/turtlebot3_fake_node:/home/daniel/robots_ws/install/multi_robot_rosbot:/home/daniel/robots_ws/install/articubot_one:/home/daniel/dan_ws/install/articubot_one /usr/bin/cmake --install /home/daniel/CustomMultibot-master/build/turtlebot3_simulations
