[0.144s] Invoking command in '/home/daniel/CustomMultibot-master/build/nav2_bringup': CMAKE_PREFIX_PATH=/home/daniel/robots_ws/install/turtlebot3_simulations:/home/daniel/dan_ws/install/follow_waypoint:/opt/ros/humble:/home/daniel/robots_ws/install/turtlebot3_gazebo:/home/daniel/robots_ws/install/turtlebot3_fake_node:/home/daniel/robots_ws/install/multi_robot_rosbot:/home/daniel/robots_ws/install/articubot_one:/home/daniel/dan_ws/install/articubot_one /usr/bin/cmake /home/daniel/CustomMultibot-master/src/nav2_bringup -DCMAKE_INSTALL_PREFIX=/home/daniel/CustomMultibot-master/install/nav2_bringup
[0.998s] -- Found ament_cmake: 1.3.9 (/opt/ros/humble/share/ament_cmake/cmake)
[1.431s] -- Override CMake install command with custom implementation using symlinks instead of copying resources
[1.644s] -- Found nav2_common: 1.1.15 (/opt/ros/humble/share/nav2_common/cmake)
[1.747s] -- Found navigation2: 1.1.15 (/opt/ros/humble/share/navigation2/cmake)
[1.832s] -- Found ament_lint_auto: 0.12.11 (/opt/ros/humble/share/ament_lint_auto/cmake)
[2.476s] -- Added test 'copyright' to check source files copyright and LICENSE
[2.536s] -- Added test 'cppcheck' to perform static code analysis on C / C++ code
[2.536s] -- Configured cppcheck include dirs: 
[2.536s] -- Configured cppcheck exclude dirs and/or files: 
[2.545s] -- Added test 'cpplint' to check C / C++ code against the Google style
[2.545s] -- Configured cpplint exclude dirs and/or files: 
[2.546s] -- Added test 'flake8' to check Python code syntax and style conventions
[2.549s] -- Added test 'lint_cmake' to check CMake code style
[2.551s] -- Added test 'pep257' to check Python code against some of the docstring style conventions in PEP 257
[2.560s] -- Added test 'uncrustify' to check C / C++ code style
[2.560s] -- Configured uncrustify additional arguments: 
[2.562s] -- Added test 'xmllint' to check XML markup files
[2.564s] -- Configuring done
[2.607s] -- Generating done
[2.608s] -- Build files have been written to: /home/daniel/CustomMultibot-master/build/nav2_bringup
[2.824s] Invoked command in '/home/daniel/CustomMultibot-master/build/nav2_bringup' returned '0': CMAKE_PREFIX_PATH=/home/daniel/robots_ws/install/turtlebot3_simulations:/home/daniel/dan_ws/install/follow_waypoint:/opt/ros/humble:/home/daniel/robots_ws/install/turtlebot3_gazebo:/home/daniel/robots_ws/install/turtlebot3_fake_node:/home/daniel/robots_ws/install/multi_robot_rosbot:/home/daniel/robots_ws/install/articubot_one:/home/daniel/dan_ws/install/articubot_one /usr/bin/cmake /home/daniel/CustomMultibot-master/src/nav2_bringup -DCMAKE_INSTALL_PREFIX=/home/daniel/CustomMultibot-master/install/nav2_bringup
[2.827s] Invoking command in '/home/daniel/CustomMultibot-master/build/nav2_bringup': CMAKE_PREFIX_PATH=/home/daniel/robots_ws/install/turtlebot3_simulations:/home/daniel/dan_ws/install/follow_waypoint:/opt/ros/humble:/home/daniel/robots_ws/install/turtlebot3_gazebo:/home/daniel/robots_ws/install/turtlebot3_fake_node:/home/daniel/robots_ws/install/multi_robot_rosbot:/home/daniel/robots_ws/install/articubot_one:/home/daniel/dan_ws/install/articubot_one /usr/bin/cmake --build /home/daniel/CustomMultibot-master/build/nav2_bringup -- -j8 -l8
[2.886s] Invoked command in '/home/daniel/CustomMultibot-master/build/nav2_bringup' returned '0': CMAKE_PREFIX_PATH=/home/daniel/robots_ws/install/turtlebot3_simulations:/home/daniel/dan_ws/install/follow_waypoint:/opt/ros/humble:/home/daniel/robots_ws/install/turtlebot3_gazebo:/home/daniel/robots_ws/install/turtlebot3_fake_node:/home/daniel/robots_ws/install/multi_robot_rosbot:/home/daniel/robots_ws/install/articubot_one:/home/daniel/dan_ws/install/articubot_one /usr/bin/cmake --build /home/daniel/CustomMultibot-master/build/nav2_bringup -- -j8 -l8
[2.922s] Invoking command in '/home/daniel/CustomMultibot-master/build/nav2_bringup': CMAKE_PREFIX_PATH=/home/daniel/robots_ws/install/turtlebot3_simulations:/home/daniel/dan_ws/install/follow_waypoint:/opt/ros/humble:/home/daniel/robots_ws/install/turtlebot3_gazebo:/home/daniel/robots_ws/install/turtlebot3_fake_node:/home/daniel/robots_ws/install/multi_robot_rosbot:/home/daniel/robots_ws/install/articubot_one:/home/daniel/dan_ws/install/articubot_one /usr/bin/cmake --install /home/daniel/CustomMultibot-master/build/nav2_bringup
[2.932s] -- Install configuration: "Release"
[2.932s] -- Execute custom install script
[2.933s] -- Up-to-date symlink: /home/daniel/CustomMultibot-master/install/nav2_bringup/share/nav2_bringup/launch/bringup_launch.py
[2.934s] -- Up-to-date symlink: /home/daniel/CustomMultibot-master/install/nav2_bringup/share/nav2_bringup/launch/cloned_multi_tb3_simulation_launch.py
[2.934s] -- Up-to-date symlink: /home/daniel/CustomMultibot-master/install/nav2_bringup/share/nav2_bringup/launch/localization_launch.py
[2.935s] -- Up-to-date symlink: /home/daniel/CustomMultibot-master/install/nav2_bringup/share/nav2_bringup/launch/navigation_launch.py
[2.935s] -- Up-to-date symlink: /home/daniel/CustomMultibot-master/install/nav2_bringup/share/nav2_bringup/launch/rviz_launch.py
[2.936s] -- Up-to-date symlink: /home/daniel/CustomMultibot-master/install/nav2_bringup/share/nav2_bringup/launch/slam_launch.py
[2.937s] -- Up-to-date symlink: /home/daniel/CustomMultibot-master/install/nav2_bringup/share/nav2_bringup/launch/tb3_simulation_launch.py
[2.938s] -- Up-to-date symlink: /home/daniel/CustomMultibot-master/install/nav2_bringup/share/nav2_bringup/launch/unique_multi_tb3_simulation_launch.py
[2.938s] -- Up-to-date symlink: /home/daniel/CustomMultibot-master/install/nav2_bringup/share/nav2_bringup/launch/warehouse_multibot_launch.py
[2.939s] -- Up-to-date symlink: /home/daniel/CustomMultibot-master/install/nav2_bringup/share/nav2_bringup/maps/new_warehouse_save.pgm
[2.939s] -- Up-to-date symlink: /home/daniel/CustomMultibot-master/install/nav2_bringup/share/nav2_bringup/maps/new_warehouse_save.yaml
[2.940s] -- Up-to-date symlink: /home/daniel/CustomMultibot-master/install/nav2_bringup/share/nav2_bringup/maps/turtlebot3_world.pgm
[2.941s] -- Up-to-date symlink: /home/daniel/CustomMultibot-master/install/nav2_bringup/share/nav2_bringup/maps/turtlebot3_world.yaml
[2.955s] -- Up-to-date symlink: /home/daniel/CustomMultibot-master/install/nav2_bringup/share/nav2_bringup/rviz/nav2_default_view.rviz
[2.956s] -- Up-to-date symlink: /home/daniel/CustomMultibot-master/install/nav2_bringup/share/nav2_bringup/rviz/nav2_namespaced_view.rviz
[2.957s] -- Up-to-date symlink: /home/daniel/CustomMultibot-master/install/nav2_bringup/share/nav2_bringup/worlds/waffle.model
[2.957s] -- Up-to-date symlink: /home/daniel/CustomMultibot-master/install/nav2_bringup/share/nav2_bringup/worlds/warehouse.world
[2.958s] -- Up-to-date symlink: /home/daniel/CustomMultibot-master/install/nav2_bringup/share/nav2_bringup/worlds/world_only.model
[2.959s] -- Up-to-date symlink: /home/daniel/CustomMultibot-master/install/nav2_bringup/share/nav2_bringup/params/nav2_multirobot_params_1.yaml
[2.959s] -- Up-to-date symlink: /home/daniel/CustomMultibot-master/install/nav2_bringup/share/nav2_bringup/params/nav2_multirobot_params_2.yaml
[2.959s] -- Up-to-date symlink: /home/daniel/CustomMultibot-master/install/nav2_bringup/share/nav2_bringup/params/nav2_multirobot_params_all.yaml
[2.960s] -- Up-to-date symlink: /home/daniel/CustomMultibot-master/install/nav2_bringup/share/nav2_bringup/params/nav2_params.yaml
[2.961s] -- Up-to-date symlink: /home/daniel/CustomMultibot-master/install/nav2_bringup/share/nav2_bringup/urdf/turtlebot3_waffle.urdf
[2.962s] -- Up-to-date symlink: /home/daniel/CustomMultibot-master/install/nav2_bringup/share/ament_index/resource_index/package_run_dependencies/nav2_bringup
[2.963s] -- Up-to-date symlink: /home/daniel/CustomMultibot-master/install/nav2_bringup/share/ament_index/resource_index/parent_prefix_path/nav2_bringup
[2.964s] -- Up-to-date symlink: /home/daniel/CustomMultibot-master/install/nav2_bringup/share/nav2_bringup/environment/ament_prefix_path.sh
[2.964s] -- Up-to-date symlink: /home/daniel/CustomMultibot-master/install/nav2_bringup/share/nav2_bringup/environment/ament_prefix_path.dsv
[2.964s] -- Up-to-date symlink: /home/daniel/CustomMultibot-master/install/nav2_bringup/share/nav2_bringup/environment/path.sh
[2.965s] -- Up-to-date symlink: /home/daniel/CustomMultibot-master/install/nav2_bringup/share/nav2_bringup/environment/path.dsv
[2.965s] -- Up-to-date symlink: /home/daniel/CustomMultibot-master/install/nav2_bringup/share/nav2_bringup/local_setup.bash
[2.965s] -- Up-to-date symlink: /home/daniel/CustomMultibot-master/install/nav2_bringup/share/nav2_bringup/local_setup.sh
[2.966s] -- Up-to-date symlink: /home/daniel/CustomMultibot-master/install/nav2_bringup/share/nav2_bringup/local_setup.zsh
[2.966s] -- Up-to-date symlink: /home/daniel/CustomMultibot-master/install/nav2_bringup/share/nav2_bringup/local_setup.dsv
[2.966s] -- Symlinking: /home/daniel/CustomMultibot-master/install/nav2_bringup/share/nav2_bringup/package.dsv
[2.977s] -- Up-to-date symlink: /home/daniel/CustomMultibot-master/install/nav2_bringup/share/ament_index/resource_index/packages/nav2_bringup
[2.977s] -- Up-to-date symlink: /home/daniel/CustomMultibot-master/install/nav2_bringup/share/nav2_bringup/cmake/nav2_bringupConfig.cmake
[2.978s] -- Up-to-date symlink: /home/daniel/CustomMultibot-master/install/nav2_bringup/share/nav2_bringup/cmake/nav2_bringupConfig-version.cmake
[2.978s] -- Up-to-date symlink: /home/daniel/CustomMultibot-master/install/nav2_bringup/share/nav2_bringup/package.xml
[2.980s] Invoked command in '/home/daniel/CustomMultibot-master/build/nav2_bringup' returned '0': CMAKE_PREFIX_PATH=/home/daniel/robots_ws/install/turtlebot3_simulations:/home/daniel/dan_ws/install/follow_waypoint:/opt/ros/humble:/home/daniel/robots_ws/install/turtlebot3_gazebo:/home/daniel/robots_ws/install/turtlebot3_fake_node:/home/daniel/robots_ws/install/multi_robot_rosbot:/home/daniel/robots_ws/install/articubot_one:/home/daniel/dan_ws/install/articubot_one /usr/bin/cmake --install /home/daniel/CustomMultibot-master/build/nav2_bringup
