[11.328s] DEBUG:colcon:Command line arguments: ['/usr/bin/colcon', 'list', '-p', '--base-paths', '/home/daniel/CustomMultibot-master']
[11.328s] DEBUG:colcon:Parsed command line arguments: Namespace(log_base=None, log_level=None, verb_name='list', build_base='build', ignore_user_meta=False, metas=['./colcon.meta'], base_paths=['/home/daniel/CustomMultibot-master'], packages_ignore=None, packages_ignore_regex=None, paths=None, packages_up_to=None, packages_up_to_regex=None, packages_above=None, packages_above_and_dependencies=None, packages_above_depth=None, packages_select_by_dep=None, packages_skip_by_dep=None, packages_skip_up_to=None, packages_select_build_failed=False, packages_skip_build_finished=False, packages_select_test_failures=False, packages_skip_test_passed=False, packages_select=None, packages_skip=None, packages_select_regex=None, packages_skip_regex=None, packages_start=None, packages_end=None, allow_overriding=[], topological_order=False, names_only=False, paths_only=True, topological_graph=False, topological_graph_dot=False, topological_graph_density=False, topological_graph_legend=False, topological_graph_dot_cluster=False, topological_graph_dot_include_skipped=False, verb_parser=<colcon_defaults.argument_parser.defaults.DefaultArgumentsDecorator object at 0x7b7c58ff98a0>, verb_extension=<colcon_package_information.verb.list.ListVerb object at 0x7b7c58ff8c70>, main=<bound method ListVerb.main of <colcon_package_information.verb.list.ListVerb object at 0x7b7c58ff8c70>>)
[23.028s] Level 1:colcon.colcon_core.package_discovery:discover_packages(colcon_meta) check parameters
[23.028s] Level 1:colcon.colcon_core.package_discovery:discover_packages(recursive) check parameters
[23.028s] Level 1:colcon.colcon_core.package_discovery:discover_packages(ignore) check parameters
[23.028s] Level 1:colcon.colcon_core.package_discovery:discover_packages(path) check parameters
[23.028s] Level 1:colcon.colcon_core.package_discovery:discover_packages(recursive) discover
[23.028s] INFO:colcon.colcon_core.package_discovery:Crawling recursively for packages in '/home/daniel/CustomMultibot-master'
[23.028s] Level 1:colcon.colcon_core.package_identification:_identify(/home/daniel/CustomMultibot-master) by extensions ['ignore', 'ignore_ament_install']
[23.029s] Level 1:colcon.colcon_core.package_identification:_identify(/home/daniel/CustomMultibot-master) by extension 'ignore'
[23.029s] Level 1:colcon.colcon_core.package_identification:_identify(/home/daniel/CustomMultibot-master) by extension 'ignore_ament_install'
[23.029s] Level 1:colcon.colcon_core.package_identification:_identify(/home/daniel/CustomMultibot-master) by extensions ['colcon_pkg']
[23.029s] Level 1:colcon.colcon_core.package_identification:_identify(/home/daniel/CustomMultibot-master) by extension 'colcon_pkg'
[23.029s] Level 1:colcon.colcon_core.package_identification:_identify(/home/daniel/CustomMultibot-master) by extensions ['colcon_meta']
[23.029s] Level 1:colcon.colcon_core.package_identification:_identify(/home/daniel/CustomMultibot-master) by extension 'colcon_meta'
[23.029s] Level 1:colcon.colcon_core.package_identification:_identify(/home/daniel/CustomMultibot-master) by extensions ['ros']
[23.029s] Level 1:colcon.colcon_core.package_identification:_identify(/home/daniel/CustomMultibot-master) by extension 'ros'
[23.085s] Level 1:colcon.colcon_core.package_identification:_identify(/home/daniel/CustomMultibot-master) by extensions ['cmake', 'python']
[23.085s] Level 1:colcon.colcon_core.package_identification:_identify(/home/daniel/CustomMultibot-master) by extension 'cmake'
[23.085s] Level 1:colcon.colcon_core.package_identification:_identify(/home/daniel/CustomMultibot-master) by extension 'python'
[23.085s] Level 1:colcon.colcon_core.package_identification:_identify(/home/daniel/CustomMultibot-master) by extensions ['python_setup_py']
[23.085s] Level 1:colcon.colcon_core.package_identification:_identify(/home/daniel/CustomMultibot-master) by extension 'python_setup_py'
[23.177s] Level 1:colcon.colcon_core.package_identification:_identify(/home/daniel/CustomMultibot-master/build) by extensions ['ignore', 'ignore_ament_install']
[23.177s] Level 1:colcon.colcon_core.package_identification:_identify(/home/daniel/CustomMultibot-master/build) by extension 'ignore'
[23.177s] Level 1:colcon.colcon_core.package_identification:_identify(/home/daniel/CustomMultibot-master/build) ignored
[23.178s] Level 1:colcon.colcon_core.package_identification:_identify(/home/daniel/CustomMultibot-master/install) by extensions ['ignore', 'ignore_ament_install']
[23.178s] Level 1:colcon.colcon_core.package_identification:_identify(/home/daniel/CustomMultibot-master/install) by extension 'ignore'
[23.178s] Level 1:colcon.colcon_core.package_identification:_identify(/home/daniel/CustomMultibot-master/install) ignored
[23.178s] Level 1:colcon.colcon_core.package_identification:_identify(/home/daniel/CustomMultibot-master/log) by extensions ['ignore', 'ignore_ament_install']
[23.178s] Level 1:colcon.colcon_core.package_identification:_identify(/home/daniel/CustomMultibot-master/log) by extension 'ignore'
[23.178s] Level 1:colcon.colcon_core.package_identification:_identify(/home/daniel/CustomMultibot-master/log) ignored
[23.178s] Level 1:colcon.colcon_core.package_identification:_identify(/home/daniel/CustomMultibot-master/src) by extensions ['ignore', 'ignore_ament_install']
[23.178s] Level 1:colcon.colcon_core.package_identification:_identify(/home/daniel/CustomMultibot-master/src) by extension 'ignore'
[23.178s] Level 1:colcon.colcon_core.package_identification:_identify(/home/daniel/CustomMultibot-master/src) by extension 'ignore_ament_install'
[23.179s] Level 1:colcon.colcon_core.package_identification:_identify(/home/daniel/CustomMultibot-master/src) by extensions ['colcon_pkg']
[23.179s] Level 1:colcon.colcon_core.package_identification:_identify(/home/daniel/CustomMultibot-master/src) by extension 'colcon_pkg'
[23.179s] Level 1:colcon.colcon_core.package_identification:_identify(/home/daniel/CustomMultibot-master/src) by extensions ['colcon_meta']
[23.179s] Level 1:colcon.colcon_core.package_identification:_identify(/home/daniel/CustomMultibot-master/src) by extension 'colcon_meta'
[23.179s] Level 1:colcon.colcon_core.package_identification:_identify(/home/daniel/CustomMultibot-master/src) by extensions ['ros']
[23.179s] Level 1:colcon.colcon_core.package_identification:_identify(/home/daniel/CustomMultibot-master/src) by extension 'ros'
[23.179s] Level 1:colcon.colcon_core.package_identification:_identify(/home/daniel/CustomMultibot-master/src) by extensions ['cmake', 'python']
[23.179s] Level 1:colcon.colcon_core.package_identification:_identify(/home/daniel/CustomMultibot-master/src) by extension 'cmake'
[23.179s] Level 1:colcon.colcon_core.package_identification:_identify(/home/daniel/CustomMultibot-master/src) by extension 'python'
[23.179s] Level 1:colcon.colcon_core.package_identification:_identify(/home/daniel/CustomMultibot-master/src) by extensions ['python_setup_py']
[23.179s] Level 1:colcon.colcon_core.package_identification:_identify(/home/daniel/CustomMultibot-master/src) by extension 'python_setup_py'
[23.180s] Level 1:colcon.colcon_core.package_identification:_identify(/home/daniel/CustomMultibot-master/src/nav2_bringup) by extensions ['ignore', 'ignore_ament_install']
[23.180s] Level 1:colcon.colcon_core.package_identification:_identify(/home/daniel/CustomMultibot-master/src/nav2_bringup) by extension 'ignore'
[23.180s] Level 1:colcon.colcon_core.package_identification:_identify(/home/daniel/CustomMultibot-master/src/nav2_bringup) by extension 'ignore_ament_install'
[23.180s] Level 1:colcon.colcon_core.package_identification:_identify(/home/daniel/CustomMultibot-master/src/nav2_bringup) by extensions ['colcon_pkg']
[23.180s] Level 1:colcon.colcon_core.package_identification:_identify(/home/daniel/CustomMultibot-master/src/nav2_bringup) by extension 'colcon_pkg'
[23.180s] Level 1:colcon.colcon_core.package_identification:_identify(/home/daniel/CustomMultibot-master/src/nav2_bringup) by extensions ['colcon_meta']
[23.180s] Level 1:colcon.colcon_core.package_identification:_identify(/home/daniel/CustomMultibot-master/src/nav2_bringup) by extension 'colcon_meta'
[23.180s] Level 1:colcon.colcon_core.package_identification:_identify(/home/daniel/CustomMultibot-master/src/nav2_bringup) by extensions ['ros']
[23.180s] Level 1:colcon.colcon_core.package_identification:_identify(/home/daniel/CustomMultibot-master/src/nav2_bringup) by extension 'ros'
[23.219s] DEBUG:colcon.colcon_core.package_identification:Package '/home/daniel/CustomMultibot-master/src/nav2_bringup' with type 'ros.ament_cmake' and name 'nav2_bringup'
[23.227s] Level 1:colcon.colcon_core.package_identification:_identify(/home/daniel/CustomMultibot-master/src/turtlebot3_gazebo) by extensions ['ignore', 'ignore_ament_install']
[23.227s] Level 1:colcon.colcon_core.package_identification:_identify(/home/daniel/CustomMultibot-master/src/turtlebot3_gazebo) by extension 'ignore'
[23.227s] Level 1:colcon.colcon_core.package_identification:_identify(/home/daniel/CustomMultibot-master/src/turtlebot3_gazebo) by extension 'ignore_ament_install'
[23.227s] Level 1:colcon.colcon_core.package_identification:_identify(/home/daniel/CustomMultibot-master/src/turtlebot3_gazebo) by extensions ['colcon_pkg']
[23.227s] Level 1:colcon.colcon_core.package_identification:_identify(/home/daniel/CustomMultibot-master/src/turtlebot3_gazebo) by extension 'colcon_pkg'
[23.227s] Level 1:colcon.colcon_core.package_identification:_identify(/home/daniel/CustomMultibot-master/src/turtlebot3_gazebo) by extensions ['colcon_meta']
[23.227s] Level 1:colcon.colcon_core.package_identification:_identify(/home/daniel/CustomMultibot-master/src/turtlebot3_gazebo) by extension 'colcon_meta'
[23.228s] Level 1:colcon.colcon_core.package_identification:_identify(/home/daniel/CustomMultibot-master/src/turtlebot3_gazebo) by extensions ['ros']
[23.228s] Level 1:colcon.colcon_core.package_identification:_identify(/home/daniel/CustomMultibot-master/src/turtlebot3_gazebo) by extension 'ros'
[23.258s] DEBUG:colcon.colcon_core.package_identification:Package '/home/daniel/CustomMultibot-master/src/turtlebot3_gazebo' with type 'ros.ament_cmake' and name 'turtlebot3_gazebo'
[23.258s] Level 1:colcon.colcon_core.package_identification:_identify(/home/daniel/CustomMultibot-master/src/turtlebot3_simulations) by extensions ['ignore', 'ignore_ament_install']
[23.258s] Level 1:colcon.colcon_core.package_identification:_identify(/home/daniel/CustomMultibot-master/src/turtlebot3_simulations) by extension 'ignore'
[23.259s] Level 1:colcon.colcon_core.package_identification:_identify(/home/daniel/CustomMultibot-master/src/turtlebot3_simulations) by extension 'ignore_ament_install'
[23.259s] Level 1:colcon.colcon_core.package_identification:_identify(/home/daniel/CustomMultibot-master/src/turtlebot3_simulations) by extensions ['colcon_pkg']
[23.259s] Level 1:colcon.colcon_core.package_identification:_identify(/home/daniel/CustomMultibot-master/src/turtlebot3_simulations) by extension 'colcon_pkg'
[23.259s] Level 1:colcon.colcon_core.package_identification:_identify(/home/daniel/CustomMultibot-master/src/turtlebot3_simulations) by extensions ['colcon_meta']
[23.259s] Level 1:colcon.colcon_core.package_identification:_identify(/home/daniel/CustomMultibot-master/src/turtlebot3_simulations) by extension 'colcon_meta'
[23.259s] Level 1:colcon.colcon_core.package_identification:_identify(/home/daniel/CustomMultibot-master/src/turtlebot3_simulations) by extensions ['ros']
[23.259s] Level 1:colcon.colcon_core.package_identification:_identify(/home/daniel/CustomMultibot-master/src/turtlebot3_simulations) by extension 'ros'
[23.269s] DEBUG:colcon.colcon_core.package_identification:Package '/home/daniel/CustomMultibot-master/src/turtlebot3_simulations' with type 'ros.ament_cmake' and name 'turtlebot3_simulations'
[23.269s] Level 1:colcon.colcon_core.package_discovery:discover_packages(recursive) using defaults
