[0.010s] Invoking command in '/home/daniel/CustomMultibot-master/build/turtlebot3_simulations': CMAKE_PREFIX_PATH=/home/daniel/CustomMultibot-master/install/turtlebot3_gazebo:/home/daniel/CustomMultibot-master/install/turtlebot3_simulations:/home/daniel/CustomMultibot-master/install/nav2_bringup:/home/daniel/robots_ws/install/turtlebot3_simulations:/home/daniel/dan_ws/install/follow_waypoint:/opt/ros/humble:/home/daniel/robots_ws/install/turtlebot3_gazebo:/home/daniel/robots_ws/install/turtlebot3_fake_node:/home/daniel/robots_ws/install/multi_robot_rosbot:/home/daniel/robots_ws/install/articubot_one:/home/daniel/dan_ws/install/articubot_one /usr/bin/cmake --build /home/daniel/CustomMultibot-master/build/turtlebot3_simulations -- -j8 -l8
[0.073s] Invoked command in '/home/daniel/CustomMultibot-master/build/turtlebot3_simulations' returned '0': CMAKE_PREFIX_PATH=/home/daniel/CustomMultibot-master/install/turtlebot3_gazebo:/home/daniel/CustomMultibot-master/install/turtlebot3_simulations:/home/daniel/CustomMultibot-master/install/nav2_bringup:/home/daniel/robots_ws/install/turtlebot3_simulations:/home/daniel/dan_ws/install/follow_waypoint:/opt/ros/humble:/home/daniel/robots_ws/install/turtlebot3_gazebo:/home/daniel/robots_ws/install/turtlebot3_fake_node:/home/daniel/robots_ws/install/multi_robot_rosbot:/home/daniel/robots_ws/install/articubot_one:/home/daniel/dan_ws/install/articubot_one /usr/bin/cmake --build /home/daniel/CustomMultibot-master/build/turtlebot3_simulations -- -j8 -l8
[0.101s] Invoking command in '/home/daniel/CustomMultibot-master/build/turtlebot3_simulations': CMAKE_PREFIX_PATH=/home/daniel/CustomMultibot-master/install/turtlebot3_gazebo:/home/daniel/CustomMultibot-master/install/turtlebot3_simulations:/home/daniel/CustomMultibot-master/install/nav2_bringup:/home/daniel/robots_ws/install/turtlebot3_simulations:/home/daniel/dan_ws/install/follow_waypoint:/opt/ros/humble:/home/daniel/robots_ws/install/turtlebot3_gazebo:/home/daniel/robots_ws/install/turtlebot3_fake_node:/home/daniel/robots_ws/install/multi_robot_rosbot:/home/daniel/robots_ws/install/articubot_one:/home/daniel/dan_ws/install/articubot_one /usr/bin/cmake --install /home/daniel/CustomMultibot-master/build/turtlebot3_simulations
[0.106s] -- Install configuration: ""
[0.112s] -- Execute custom install script
[0.113s] -- Up-to-date symlink: /home/daniel/CustomMultibot-master/install/turtlebot3_simulations/share/ament_index/resource_index/package_run_dependencies/turtlebot3_simulations
[0.114s] -- Up-to-date symlink: /home/daniel/CustomMultibot-master/install/turtlebot3_simulations/share/ament_index/resource_index/parent_prefix_path/turtlebot3_simulations
[0.115s] -- Up-to-date symlink: /home/daniel/CustomMultibot-master/install/turtlebot3_simulations/share/turtlebot3_simulations/environment/ament_prefix_path.sh
[0.115s] -- Up-to-date symlink: /home/daniel/CustomMultibot-master/install/turtlebot3_simulations/share/turtlebot3_simulations/environment/ament_prefix_path.dsv
[0.116s] -- Up-to-date symlink: /home/daniel/CustomMultibot-master/install/turtlebot3_simulations/share/turtlebot3_simulations/environment/path.sh
[0.119s] -- Up-to-date symlink: /home/daniel/CustomMultibot-master/install/turtlebot3_simulations/share/turtlebot3_simulations/environment/path.dsv
[0.120s] -- Up-to-date symlink: /home/daniel/CustomMultibot-master/install/turtlebot3_simulations/share/turtlebot3_simulations/local_setup.bash
[0.121s] -- Up-to-date symlink: /home/daniel/CustomMultibot-master/install/turtlebot3_simulations/share/turtlebot3_simulations/local_setup.sh
[0.121s] -- Up-to-date symlink: /home/daniel/CustomMultibot-master/install/turtlebot3_simulations/share/turtlebot3_simulations/local_setup.zsh
[0.122s] -- Up-to-date symlink: /home/daniel/CustomMultibot-master/install/turtlebot3_simulations/share/turtlebot3_simulations/local_setup.dsv
[0.123s] -- Symlinking: /home/daniel/CustomMultibot-master/install/turtlebot3_simulations/share/turtlebot3_simulations/package.dsv
[0.126s] -- Up-to-date symlink: /home/daniel/CustomMultibot-master/install/turtlebot3_simulations/share/ament_index/resource_index/packages/turtlebot3_simulations
[0.131s] -- Up-to-date symlink: /home/daniel/CustomMultibot-master/install/turtlebot3_simulations/share/turtlebot3_simulations/cmake/turtlebot3_simulationsConfig.cmake
[0.131s] -- Up-to-date symlink: /home/daniel/CustomMultibot-master/install/turtlebot3_simulations/share/turtlebot3_simulations/cmake/turtlebot3_simulationsConfig-version.cmake
[0.131s] -- Up-to-date symlink: /home/daniel/CustomMultibot-master/install/turtlebot3_simulations/share/turtlebot3_simulations/package.xml
[0.132s] Invoked command in '/home/daniel/CustomMultibot-master/build/turtlebot3_simulations' returned '0': CMAKE_PREFIX_PATH=/home/daniel/CustomMultibot-master/install/turtlebot3_gazebo:/home/daniel/CustomMultibot-master/install/turtlebot3_simulations:/home/daniel/CustomMultibot-master/install/nav2_bringup:/home/daniel/robots_ws/install/turtlebot3_simulations:/home/daniel/dan_ws/install/follow_waypoint:/opt/ros/humble:/home/daniel/robots_ws/install/turtlebot3_gazebo:/home/daniel/robots_ws/install/turtlebot3_fake_node:/home/daniel/robots_ws/install/multi_robot_rosbot:/home/daniel/robots_ws/install/articubot_one:/home/daniel/dan_ws/install/articubot_one /usr/bin/cmake --install /home/daniel/CustomMultibot-master/build/turtlebot3_simulations
