[0.055s] Invoking command in '/home/daniel/CustomMultibot-master/build/turtlebot3_simulations': AMENT_PREFIX_PATH=/home/daniel/CustomMultibot-master/install/turtlebot3_gazebo:${AMENT_PREFIX_PATH} CMAKE_PREFIX_PATH=/home/daniel/CustomMultibot-master/install/turtlebot3_gazebo:/home/daniel/robots_ws/install/turtlebot3_simulations:/home/daniel/dan_ws/install/follow_waypoint:/opt/ros/humble:/home/daniel/robots_ws/install/turtlebot3_gazebo:/home/daniel/robots_ws/install/turtlebot3_fake_node:/home/daniel/robots_ws/install/multi_robot_rosbot:/home/daniel/robots_ws/install/articubot_one:/home/daniel/dan_ws/install/articubot_one /usr/bin/cmake /home/daniel/CustomMultibot-master/src/turtlebot3_simulations -DAMENT_CMAKE_SYMLINK_INSTALL=1 -DCMAKE_INSTALL_PREFIX=/home/daniel/CustomMultibot-master/install/turtlebot3_simulations
[0.099s] -- Found ament_cmake: 1.3.9 (/opt/ros/humble/share/ament_cmake/cmake)
[0.250s] -- Override CMake install command with custom implementation using symlinks instead of copying resources
[0.344s] -- Configuring done
[0.350s] -- Generating done
[0.351s] -- Build files have been written to: /home/daniel/CustomMultibot-master/build/turtlebot3_simulations
[0.353s] Invoked command in '/home/daniel/CustomMultibot-master/build/turtlebot3_simulations' returned '0': AMENT_PREFIX_PATH=/home/daniel/CustomMultibot-master/install/turtlebot3_gazebo:${AMENT_PREFIX_PATH} CMAKE_PREFIX_PATH=/home/daniel/CustomMultibot-master/install/turtlebot3_gazebo:/home/daniel/robots_ws/install/turtlebot3_simulations:/home/daniel/dan_ws/install/follow_waypoint:/opt/ros/humble:/home/daniel/robots_ws/install/turtlebot3_gazebo:/home/daniel/robots_ws/install/turtlebot3_fake_node:/home/daniel/robots_ws/install/multi_robot_rosbot:/home/daniel/robots_ws/install/articubot_one:/home/daniel/dan_ws/install/articubot_one /usr/bin/cmake /home/daniel/CustomMultibot-master/src/turtlebot3_simulations -DAMENT_CMAKE_SYMLINK_INSTALL=1 -DCMAKE_INSTALL_PREFIX=/home/daniel/CustomMultibot-master/install/turtlebot3_simulations
[0.355s] Invoking command in '/home/daniel/CustomMultibot-master/build/turtlebot3_simulations': AMENT_PREFIX_PATH=/home/daniel/CustomMultibot-master/install/turtlebot3_gazebo:${AMENT_PREFIX_PATH} CMAKE_PREFIX_PATH=/home/daniel/CustomMultibot-master/install/turtlebot3_gazebo:/home/daniel/robots_ws/install/turtlebot3_simulations:/home/daniel/dan_ws/install/follow_waypoint:/opt/ros/humble:/home/daniel/robots_ws/install/turtlebot3_gazebo:/home/daniel/robots_ws/install/turtlebot3_fake_node:/home/daniel/robots_ws/install/multi_robot_rosbot:/home/daniel/robots_ws/install/articubot_one:/home/daniel/dan_ws/install/articubot_one /usr/bin/cmake --build /home/daniel/CustomMultibot-master/build/turtlebot3_simulations -- -j8 -l8
[0.396s] Invoked command in '/home/daniel/CustomMultibot-master/build/turtlebot3_simulations' returned '0': AMENT_PREFIX_PATH=/home/daniel/CustomMultibot-master/install/turtlebot3_gazebo:${AMENT_PREFIX_PATH} CMAKE_PREFIX_PATH=/home/daniel/CustomMultibot-master/install/turtlebot3_gazebo:/home/daniel/robots_ws/install/turtlebot3_simulations:/home/daniel/dan_ws/install/follow_waypoint:/opt/ros/humble:/home/daniel/robots_ws/install/turtlebot3_gazebo:/home/daniel/robots_ws/install/turtlebot3_fake_node:/home/daniel/robots_ws/install/multi_robot_rosbot:/home/daniel/robots_ws/install/articubot_one:/home/daniel/dan_ws/install/articubot_one /usr/bin/cmake --build /home/daniel/CustomMultibot-master/build/turtlebot3_simulations -- -j8 -l8
[0.420s] Invoking command in '/home/daniel/CustomMultibot-master/build/turtlebot3_simulations': AMENT_PREFIX_PATH=/home/daniel/CustomMultibot-master/install/turtlebot3_gazebo:${AMENT_PREFIX_PATH} CMAKE_PREFIX_PATH=/home/daniel/CustomMultibot-master/install/turtlebot3_gazebo:/home/daniel/robots_ws/install/turtlebot3_simulations:/home/daniel/dan_ws/install/follow_waypoint:/opt/ros/humble:/home/daniel/robots_ws/install/turtlebot3_gazebo:/home/daniel/robots_ws/install/turtlebot3_fake_node:/home/daniel/robots_ws/install/multi_robot_rosbot:/home/daniel/robots_ws/install/articubot_one:/home/daniel/dan_ws/install/articubot_one /usr/bin/cmake --install /home/daniel/CustomMultibot-master/build/turtlebot3_simulations
[0.428s] -- Install configuration: ""
[0.428s] -- Execute custom install script
[0.429s] -- Symlinking: /home/daniel/CustomMultibot-master/install/turtlebot3_simulations/share/ament_index/resource_index/package_run_dependencies/turtlebot3_simulations
[0.440s] -- Symlinking: /home/daniel/CustomMultibot-master/install/turtlebot3_simulations/share/ament_index/resource_index/parent_prefix_path/turtlebot3_simulations
[0.451s] -- Symlinking: /home/daniel/CustomMultibot-master/install/turtlebot3_simulations/share/turtlebot3_simulations/environment/ament_prefix_path.sh
[0.461s] -- Symlinking: /home/daniel/CustomMultibot-master/install/turtlebot3_simulations/share/turtlebot3_simulations/environment/ament_prefix_path.dsv
[0.471s] -- Symlinking: /home/daniel/CustomMultibot-master/install/turtlebot3_simulations/share/turtlebot3_simulations/environment/path.sh
[0.481s] -- Symlinking: /home/daniel/CustomMultibot-master/install/turtlebot3_simulations/share/turtlebot3_simulations/environment/path.dsv
[0.491s] -- Symlinking: /home/daniel/CustomMultibot-master/install/turtlebot3_simulations/share/turtlebot3_simulations/local_setup.bash
[0.500s] -- Symlinking: /home/daniel/CustomMultibot-master/install/turtlebot3_simulations/share/turtlebot3_simulations/local_setup.sh
[0.510s] -- Symlinking: /home/daniel/CustomMultibot-master/install/turtlebot3_simulations/share/turtlebot3_simulations/local_setup.zsh
[0.519s] -- Symlinking: /home/daniel/CustomMultibot-master/install/turtlebot3_simulations/share/turtlebot3_simulations/local_setup.dsv
[0.529s] -- Symlinking: /home/daniel/CustomMultibot-master/install/turtlebot3_simulations/share/turtlebot3_simulations/package.dsv
[0.539s] -- Symlinking: /home/daniel/CustomMultibot-master/install/turtlebot3_simulations/share/ament_index/resource_index/packages/turtlebot3_simulations
[0.549s] -- Symlinking: /home/daniel/CustomMultibot-master/install/turtlebot3_simulations/share/turtlebot3_simulations/cmake/turtlebot3_simulationsConfig.cmake
[0.559s] -- Symlinking: /home/daniel/CustomMultibot-master/install/turtlebot3_simulations/share/turtlebot3_simulations/cmake/turtlebot3_simulationsConfig-version.cmake
[0.569s] -- Symlinking: /home/daniel/CustomMultibot-master/install/turtlebot3_simulations/share/turtlebot3_simulations/package.xml
[0.581s] Invoked command in '/home/daniel/CustomMultibot-master/build/turtlebot3_simulations' returned '0': AMENT_PREFIX_PATH=/home/daniel/CustomMultibot-master/install/turtlebot3_gazebo:${AMENT_PREFIX_PATH} CMAKE_PREFIX_PATH=/home/daniel/CustomMultibot-master/install/turtlebot3_gazebo:/home/daniel/robots_ws/install/turtlebot3_simulations:/home/daniel/dan_ws/install/follow_waypoint:/opt/ros/humble:/home/daniel/robots_ws/install/turtlebot3_gazebo:/home/daniel/robots_ws/install/turtlebot3_fake_node:/home/daniel/robots_ws/install/multi_robot_rosbot:/home/daniel/robots_ws/install/articubot_one:/home/daniel/dan_ws/install/articubot_one /usr/bin/cmake --install /home/daniel/CustomMultibot-master/build/turtlebot3_simulations
