[0.125s] Invoking command in '/home/daniel/CustomMultibot-master/build/turtlebot3_gazebo': CMAKE_PREFIX_PATH=/home/daniel/robots_ws/install/turtlebot3_simulations:/home/daniel/dan_ws/install/follow_waypoint:/opt/ros/humble:/home/daniel/robots_ws/install/turtlebot3_gazebo:/home/daniel/robots_ws/install/turtlebot3_fake_node:/home/daniel/robots_ws/install/multi_robot_rosbot:/home/daniel/robots_ws/install/articubot_one:/home/daniel/dan_ws/install/articubot_one /usr/bin/cmake /home/daniel/CustomMultibot-master/src/turtlebot3_gazebo -DAMENT_CMAKE_SYMLINK_INSTALL=1 -DCMAKE_INSTALL_PREFIX=/home/daniel/CustomMultibot-master/install/turtlebot3_gazebo
[1.015s] -- Found ament_cmake: 1.3.9 (/opt/ros/humble/share/ament_cmake/cmake)
[1.737s] -- Override CMake install command with custom implementation using symlinks instead of copying resources
[2.186s] [33mCMake Warning (dev) at /usr/share/cmake-3.22/Modules/FindPackageHandleStandardArgs.cmake:438 (message):
[2.186s]   The package name passed to `find_package_handle_standard_args` (PkgConfig)
[2.186s]   does not match the name of the calling package (gazebo).  This can lead to
[2.186s]   problems in calling code that expects `find_package` result variables
[2.186s]   (e.g., `_FOUND`) to follow a certain pattern.
[2.187s] Call Stack (most recent call first):
[2.187s]   /usr/share/cmake-3.22/Modules/FindPkgConfig.cmake:99 (find_package_handle_standard_args)
[2.187s]   /usr/lib/x86_64-linux-gnu/cmake/gazebo/gazebo-config.cmake:72 (include)
[2.187s]   CMakeLists.txt:23 (find_package)
[2.187s] This warning is for project developers.  Use -Wno-dev to suppress it.
[2.187s] [0m
[3.083s] -- Found DART: /usr/include (Required is at least version "6.6") found components: dart 
[4.216s] -- Found Protobuf: /usr/lib/x86_64-linux-gnu/libprotobuf.so (found version "3.12.4") 
[4.280s] -- Looking for ignition-math6 -- found version 6.15.1
[4.362s] -- Searching for dependencies of ignition-math6
[4.364s] -- Looking for OGRE...
[4.389s] -- Found Ogre Ghadamon (1.9.0)
[4.402s] -- Found OGRE: optimized;/usr/lib/x86_64-linux-gnu/libOgreMain.so;debug;/usr/lib/x86_64-linux-gnu/libOgreMain.so
[4.410s] -- Looking for OGRE_Paging...
[4.410s] -- Found OGRE_Paging: optimized;/usr/lib/x86_64-linux-gnu/libOgrePaging.so;debug;/usr/lib/x86_64-linux-gnu/libOgrePaging.so
[4.410s] -- Looking for OGRE_Terrain...
[4.410s] -- Found OGRE_Terrain: optimized;/usr/lib/x86_64-linux-gnu/libOgreTerrain.so;debug;/usr/lib/x86_64-linux-gnu/libOgreTerrain.so
[4.410s] -- Looking for OGRE_Property...
[4.410s] -- Found OGRE_Property: optimized;/usr/lib/x86_64-linux-gnu/libOgreProperty.so;debug;/usr/lib/x86_64-linux-gnu/libOgreProperty.so
[4.410s] -- Looking for OGRE_RTShaderSystem...
[4.411s] -- Found OGRE_RTShaderSystem: optimized;/usr/lib/x86_64-linux-gnu/libOgreRTShaderSystem.so;debug;/usr/lib/x86_64-linux-gnu/libOgreRTShaderSystem.so
[4.411s] -- Looking for OGRE_Volume...
[4.411s] -- Found OGRE_Volume: optimized;/usr/lib/x86_64-linux-gnu/libOgreVolume.so;debug;/usr/lib/x86_64-linux-gnu/libOgreVolume.so
[4.411s] -- Looking for OGRE_Overlay...
[4.411s] -- Found OGRE_Overlay: optimized;/usr/lib/x86_64-linux-gnu/libOgreOverlay.so;debug;/usr/lib/x86_64-linux-gnu/libOgreOverlay.so
[4.693s] -- Looking for ignition-math6 -- found version 6.15.1
[4.731s] -- Looking for ignition-transport8 -- found version 8.2.1
[4.732s] -- Searching for dependencies of ignition-transport8
[4.747s] -- Found Protobuf: /usr/lib/x86_64-linux-gnu/libprotobuf.so (found suitable version "3.12.4", minimum required is "3") 
[4.756s] -- Config-file not installed for ZeroMQ -- checking for pkg-config
[4.760s] -- Checking for module 'libzmq >= 4'
[4.911s] --   Found libzmq , version 4.3.4
[4.964s] -- Checking for module 'uuid'
[4.989s] --   Found uuid, version 2.37.2
[5.041s] -- Looking for ignition-msgs5 -- found version 5.8.1
[5.042s] -- Searching for dependencies of ignition-msgs5
[5.057s] -- Looking for ignition-math6 -- found version 6.15.1
[5.062s] -- Checking for module 'tinyxml2'
[5.092s] --   Found tinyxml2, version 9.0.0
[5.132s] -- Looking for ignition-msgs5 -- found version 5.8.1
[5.152s] -- Looking for ignition-common3 -- found version 3.14.0
[5.153s] -- Searching for dependencies of ignition-common3
[5.153s] -- Looking for dlfcn.h - found
[5.153s] -- Looking for libdl - found
[5.164s] -- Searching for <ignition-common3> component [graphics]
[5.164s] -- Looking for ignition-common3-graphics -- found version 3.14.0
[5.165s] -- Searching for dependencies of ignition-common3-graphics
[5.165s] -- Looking for ignition-math6 -- found version 6.15.1
[5.214s] -- Looking for ignition-fuel_tools4 -- found version 4.4.0
[5.214s] -- Searching for dependencies of ignition-fuel_tools4
[5.333s] -- Checking for module 'jsoncpp'
[5.345s] --   Found jsoncpp, version 1.9.5
[5.396s] -- Checking for module 'libzip'
[5.420s] --   Found libzip, version 1.7.3
[5.446s] -- Looking for ignition-common3 -- found version 3.14.0
[5.446s] -- Looking for ignition-math6 -- found version 6.15.1
[5.446s] -- Looking for ignition-msgs5 -- found version 5.8.1
[5.516s] -- Found gazebo_ros_pkgs: 3.7.0 (/opt/ros/humble/share/gazebo_ros_pkgs/cmake)
[5.556s] -- Found geometry_msgs: 4.2.4 (/opt/ros/humble/share/geometry_msgs/cmake)
[5.866s] -- Found rosidl_generator_c: 3.1.5 (/opt/ros/humble/share/rosidl_generator_c/cmake)
[5.883s] -- Found rosidl_adapter: 3.1.5 (/opt/ros/humble/share/rosidl_adapter/cmake)
[5.925s] -- Found rosidl_generator_cpp: 3.1.5 (/opt/ros/humble/share/rosidl_generator_cpp/cmake)
[5.945s] -- Using all available rosidl_typesupport_c: rosidl_typesupport_fastrtps_c;rosidl_typesupport_introspection_c
[5.996s] -- Using all available rosidl_typesupport_cpp: rosidl_typesupport_fastrtps_cpp;rosidl_typesupport_introspection_cpp
[6.159s] -- Found nav_msgs: 4.2.4 (/opt/ros/humble/share/nav_msgs/cmake)
[6.271s] -- Found rclcpp: 16.0.9 (/opt/ros/humble/share/rclcpp/cmake)
[6.442s] -- Found rmw_implementation_cmake: 6.1.2 (/opt/ros/humble/share/rmw_implementation_cmake/cmake)
[6.484s] -- Found rmw_fastrtps_cpp: 6.2.6 (/opt/ros/humble/share/rmw_fastrtps_cpp/cmake)
[6.715s] -- Using RMW implementation 'rmw_fastrtps_cpp' as default
[6.997s] -- Found sensor_msgs: 4.2.4 (/opt/ros/humble/share/sensor_msgs/cmake)
[7.115s] -- Found tf2: 0.25.7 (/opt/ros/humble/share/tf2/cmake)
[7.304s] -- Configuring done
[7.794s] -- Generating done
[7.800s] -- Build files have been written to: /home/daniel/CustomMultibot-master/build/turtlebot3_gazebo
[7.810s] Invoked command in '/home/daniel/CustomMultibot-master/build/turtlebot3_gazebo' returned '0': CMAKE_PREFIX_PATH=/home/daniel/robots_ws/install/turtlebot3_simulations:/home/daniel/dan_ws/install/follow_waypoint:/opt/ros/humble:/home/daniel/robots_ws/install/turtlebot3_gazebo:/home/daniel/robots_ws/install/turtlebot3_fake_node:/home/daniel/robots_ws/install/multi_robot_rosbot:/home/daniel/robots_ws/install/articubot_one:/home/daniel/dan_ws/install/articubot_one /usr/bin/cmake /home/daniel/CustomMultibot-master/src/turtlebot3_gazebo -DAMENT_CMAKE_SYMLINK_INSTALL=1 -DCMAKE_INSTALL_PREFIX=/home/daniel/CustomMultibot-master/install/turtlebot3_gazebo
[7.812s] Invoking command in '/home/daniel/CustomMultibot-master/build/turtlebot3_gazebo': CMAKE_PREFIX_PATH=/home/daniel/robots_ws/install/turtlebot3_simulations:/home/daniel/dan_ws/install/follow_waypoint:/opt/ros/humble:/home/daniel/robots_ws/install/turtlebot3_gazebo:/home/daniel/robots_ws/install/turtlebot3_fake_node:/home/daniel/robots_ws/install/multi_robot_rosbot:/home/daniel/robots_ws/install/articubot_one:/home/daniel/dan_ws/install/articubot_one /usr/bin/cmake --build /home/daniel/CustomMultibot-master/build/turtlebot3_gazebo -- -j8 -l8
[7.849s] [35m[1mConsolidate compiler generated dependencies of target turtlebot3_drive[0m
[7.870s] [35m[1mConsolidate compiler generated dependencies of target obstacle1[0m
[7.880s] [35m[1mConsolidate compiler generated dependencies of target obstacle2[0m
[7.892s] [35m[1mConsolidate compiler generated dependencies of target obstacles[0m
[8.137s] [ 25%] Built target turtlebot3_drive
[9.440s] [ 62%] Built target obstacle1
[9.441s] [ 75%] Built target obstacles
[9.444s] [100%] Built target obstacle2
[9.474s] Invoked command in '/home/daniel/CustomMultibot-master/build/turtlebot3_gazebo' returned '0': CMAKE_PREFIX_PATH=/home/daniel/robots_ws/install/turtlebot3_simulations:/home/daniel/dan_ws/install/follow_waypoint:/opt/ros/humble:/home/daniel/robots_ws/install/turtlebot3_gazebo:/home/daniel/robots_ws/install/turtlebot3_fake_node:/home/daniel/robots_ws/install/multi_robot_rosbot:/home/daniel/robots_ws/install/articubot_one:/home/daniel/dan_ws/install/articubot_one /usr/bin/cmake --build /home/daniel/CustomMultibot-master/build/turtlebot3_gazebo -- -j8 -l8
[9.513s] Invoking command in '/home/daniel/CustomMultibot-master/build/turtlebot3_gazebo': CMAKE_PREFIX_PATH=/home/daniel/robots_ws/install/turtlebot3_simulations:/home/daniel/dan_ws/install/follow_waypoint:/opt/ros/humble:/home/daniel/robots_ws/install/turtlebot3_gazebo:/home/daniel/robots_ws/install/turtlebot3_fake_node:/home/daniel/robots_ws/install/multi_robot_rosbot:/home/daniel/robots_ws/install/articubot_one:/home/daniel/dan_ws/install/articubot_one /usr/bin/cmake --install /home/daniel/CustomMultibot-master/build/turtlebot3_gazebo
[9.519s] -- Install configuration: ""
[9.519s] -- Execute custom install script
[9.569s] -- Up-to-date symlink: /home/daniel/CustomMultibot-master/install/turtlebot3_gazebo/lib/turtlebot3_gazebo/turtlebot3_drive
[9.570s] -- Up-to-date symlink: /home/daniel/CustomMultibot-master/install/turtlebot3_gazebo/share/turtlebot3_gazebo//launch/empty_world.launch.py
[9.571s] -- Up-to-date symlink: /home/daniel/CustomMultibot-master/install/turtlebot3_gazebo/share/turtlebot3_gazebo//launch/initial_pose.py
[9.572s] -- Up-to-date symlink: /home/daniel/CustomMultibot-master/install/turtlebot3_gazebo/share/turtlebot3_gazebo//launch/robot_state_publisher.launch.py
[9.572s] -- Up-to-date symlink: /home/daniel/CustomMultibot-master/install/turtlebot3_gazebo/share/turtlebot3_gazebo//launch/spawn_turtlebot3.launch.py
[9.572s] -- Up-to-date symlink: /home/daniel/CustomMultibot-master/install/turtlebot3_gazebo/share/turtlebot3_gazebo//launch/turtlebot3_dqn_stage1.launch.py
[9.572s] -- Up-to-date symlink: /home/daniel/CustomMultibot-master/install/turtlebot3_gazebo/share/turtlebot3_gazebo//launch/turtlebot3_dqn_stage2.launch.py
[9.572s] -- Up-to-date symlink: /home/daniel/CustomMultibot-master/install/turtlebot3_gazebo/share/turtlebot3_gazebo//launch/turtlebot3_dqn_stage3.launch.py
[9.572s] -- Up-to-date symlink: /home/daniel/CustomMultibot-master/install/turtlebot3_gazebo/share/turtlebot3_gazebo//launch/turtlebot3_dqn_stage4.launch.py
[9.573s] -- Up-to-date symlink: /home/daniel/CustomMultibot-master/install/turtlebot3_gazebo/share/turtlebot3_gazebo//launch/turtlebot3_house.launch.py
[9.573s] -- Up-to-date symlink: /home/daniel/CustomMultibot-master/install/turtlebot3_gazebo/share/turtlebot3_gazebo//launch/turtlebot3_world.launch.py
[9.573s] -- Up-to-date symlink: /home/daniel/CustomMultibot-master/install/turtlebot3_gazebo/share/turtlebot3_gazebo//launch/warehouse_world.launch.py
[9.574s] -- Up-to-date symlink: /home/daniel/CustomMultibot-master/install/turtlebot3_gazebo/share/turtlebot3_gazebo//models/turtlebot3_burger/model-1_4.sdf
[9.574s] -- Up-to-date symlink: /home/daniel/CustomMultibot-master/install/turtlebot3_gazebo/share/turtlebot3_gazebo//models/turtlebot3_burger/model.config
[9.574s] -- Up-to-date symlink: /home/daniel/CustomMultibot-master/install/turtlebot3_gazebo/share/turtlebot3_gazebo//models/turtlebot3_burger/model.sdf
[9.574s] -- Up-to-date symlink: /home/daniel/CustomMultibot-master/install/turtlebot3_gazebo/share/turtlebot3_gazebo//models/turtlebot3_common/meshes/burger_base.dae
[9.574s] -- Up-to-date symlink: /home/daniel/CustomMultibot-master/install/turtlebot3_gazebo/share/turtlebot3_gazebo//models/turtlebot3_common/meshes/lds.dae
[9.574s] -- Up-to-date symlink: /home/daniel/CustomMultibot-master/install/turtlebot3_gazebo/share/turtlebot3_gazebo//models/turtlebot3_common/meshes/r200.dae
[9.575s] -- Up-to-date symlink: /home/daniel/CustomMultibot-master/install/turtlebot3_gazebo/share/turtlebot3_gazebo//models/turtlebot3_common/meshes/tire.dae
[9.575s] -- Up-to-date symlink: /home/daniel/CustomMultibot-master/install/turtlebot3_gazebo/share/turtlebot3_gazebo//models/turtlebot3_common/meshes/waffle_base.dae
[9.575s] -- Up-to-date symlink: /home/daniel/CustomMultibot-master/install/turtlebot3_gazebo/share/turtlebot3_gazebo//models/turtlebot3_common/meshes/waffle_pi_base.dae
[9.575s] -- Up-to-date symlink: /home/daniel/CustomMultibot-master/install/turtlebot3_gazebo/share/turtlebot3_gazebo//models/turtlebot3_common/model.config
[9.575s] -- Up-to-date symlink: /home/daniel/CustomMultibot-master/install/turtlebot3_gazebo/share/turtlebot3_gazebo//models/turtlebot3_dqn_world/goal_box/model.config
[9.575s] -- Up-to-date symlink: /home/daniel/CustomMultibot-master/install/turtlebot3_gazebo/share/turtlebot3_gazebo//models/turtlebot3_dqn_world/goal_box/model.sdf
[9.576s] -- Up-to-date symlink: /home/daniel/CustomMultibot-master/install/turtlebot3_gazebo/share/turtlebot3_gazebo//models/turtlebot3_dqn_world/inner_walls/model.config
[9.576s] -- Up-to-date symlink: /home/daniel/CustomMultibot-master/install/turtlebot3_gazebo/share/turtlebot3_gazebo//models/turtlebot3_dqn_world/inner_walls/model.sdf
[9.576s] -- Up-to-date symlink: /home/daniel/CustomMultibot-master/install/turtlebot3_gazebo/share/turtlebot3_gazebo//models/turtlebot3_dqn_world/model.config
[9.576s] -- Up-to-date symlink: /home/daniel/CustomMultibot-master/install/turtlebot3_gazebo/share/turtlebot3_gazebo//models/turtlebot3_dqn_world/model.sdf
[9.576s] -- Up-to-date symlink: /home/daniel/CustomMultibot-master/install/turtlebot3_gazebo/share/turtlebot3_gazebo//models/turtlebot3_dqn_world/obstacle1/model.config
[9.576s] -- Up-to-date symlink: /home/daniel/CustomMultibot-master/install/turtlebot3_gazebo/share/turtlebot3_gazebo//models/turtlebot3_dqn_world/obstacle1/model.sdf
[9.576s] -- Up-to-date symlink: /home/daniel/CustomMultibot-master/install/turtlebot3_gazebo/share/turtlebot3_gazebo//models/turtlebot3_dqn_world/obstacle2/model.config
[9.576s] -- Up-to-date symlink: /home/daniel/CustomMultibot-master/install/turtlebot3_gazebo/share/turtlebot3_gazebo//models/turtlebot3_dqn_world/obstacle2/model.sdf
[9.577s] -- Up-to-date symlink: /home/daniel/CustomMultibot-master/install/turtlebot3_gazebo/share/turtlebot3_gazebo//models/turtlebot3_dqn_world/obstacle_plugin/CMakeLists.txt
[9.577s] -- Up-to-date symlink: /home/daniel/CustomMultibot-master/install/turtlebot3_gazebo/share/turtlebot3_gazebo//models/turtlebot3_dqn_world/obstacle_plugin/obstacle1.cc
[9.577s] -- Up-to-date symlink: /home/daniel/CustomMultibot-master/install/turtlebot3_gazebo/share/turtlebot3_gazebo//models/turtlebot3_dqn_world/obstacle_plugin/obstacle2.cc
[9.577s] -- Up-to-date symlink: /home/daniel/CustomMultibot-master/install/turtlebot3_gazebo/share/turtlebot3_gazebo//models/turtlebot3_dqn_world/obstacle_plugin/obstacles.cc
[9.577s] -- Up-to-date symlink: /home/daniel/CustomMultibot-master/install/turtlebot3_gazebo/share/turtlebot3_gazebo//models/turtlebot3_dqn_world/obstacles/model.config
[9.577s] -- Up-to-date symlink: /home/daniel/CustomMultibot-master/install/turtlebot3_gazebo/share/turtlebot3_gazebo//models/turtlebot3_dqn_world/obstacles/model.sdf
[9.577s] -- Up-to-date symlink: /home/daniel/CustomMultibot-master/install/turtlebot3_gazebo/share/turtlebot3_gazebo//models/turtlebot3_house/model.config
[9.577s] -- Up-to-date symlink: /home/daniel/CustomMultibot-master/install/turtlebot3_gazebo/share/turtlebot3_gazebo//models/turtlebot3_house/model.sdf
[9.578s] -- Up-to-date symlink: /home/daniel/CustomMultibot-master/install/turtlebot3_gazebo/share/turtlebot3_gazebo//models/turtlebot3_waffle/model-1_4.sdf
[9.578s] -- Up-to-date symlink: /home/daniel/CustomMultibot-master/install/turtlebot3_gazebo/share/turtlebot3_gazebo//models/turtlebot3_waffle/model.config
[9.578s] -- Up-to-date symlink: /home/daniel/CustomMultibot-master/install/turtlebot3_gazebo/share/turtlebot3_gazebo//models/turtlebot3_waffle/model.sdf
[9.578s] -- Up-to-date symlink: /home/daniel/CustomMultibot-master/install/turtlebot3_gazebo/share/turtlebot3_gazebo//models/turtlebot3_waffle_pi/model-1_4_.sdf
[9.578s] -- Up-to-date symlink: /home/daniel/CustomMultibot-master/install/turtlebot3_gazebo/share/turtlebot3_gazebo//models/turtlebot3_waffle_pi/model.config
[9.578s] -- Up-to-date symlink: /home/daniel/CustomMultibot-master/install/turtlebot3_gazebo/share/turtlebot3_gazebo//models/turtlebot3_waffle_pi/model.sdf
[9.578s] -- Up-to-date symlink: /home/daniel/CustomMultibot-master/install/turtlebot3_gazebo/share/turtlebot3_gazebo//models/turtlebot3_world/meshes/hexagon.dae
[9.579s] -- Up-to-date symlink: /home/daniel/CustomMultibot-master/install/turtlebot3_gazebo/share/turtlebot3_gazebo//models/turtlebot3_world/meshes/wall.dae
[9.579s] -- Up-to-date symlink: /home/daniel/CustomMultibot-master/install/turtlebot3_gazebo/share/turtlebot3_gazebo//models/turtlebot3_world/model-1_4.sdf
[9.579s] -- Up-to-date symlink: /home/daniel/CustomMultibot-master/install/turtlebot3_gazebo/share/turtlebot3_gazebo//models/turtlebot3_world/model.config
[9.579s] -- Up-to-date symlink: /home/daniel/CustomMultibot-master/install/turtlebot3_gazebo/share/turtlebot3_gazebo//models/turtlebot3_world/model.sdf
[9.579s] -- Up-to-date symlink: /home/daniel/CustomMultibot-master/install/turtlebot3_gazebo/share/turtlebot3_gazebo//rviz/tb3_gazebo.rviz
[9.580s] -- Up-to-date symlink: /home/daniel/CustomMultibot-master/install/turtlebot3_gazebo/share/turtlebot3_gazebo//urdf/common_properties.urdf
[9.580s] -- Up-to-date symlink: /home/daniel/CustomMultibot-master/install/turtlebot3_gazebo/share/turtlebot3_gazebo//urdf/turtlebot3_burger.urdf
[9.580s] -- Up-to-date symlink: /home/daniel/CustomMultibot-master/install/turtlebot3_gazebo/share/turtlebot3_gazebo//urdf/turtlebot3_waffle.urdf
[9.580s] -- Up-to-date symlink: /home/daniel/CustomMultibot-master/install/turtlebot3_gazebo/share/turtlebot3_gazebo//urdf/turtlebot3_waffle_pi.urdf
[9.580s] -- Up-to-date symlink: /home/daniel/CustomMultibot-master/install/turtlebot3_gazebo/share/turtlebot3_gazebo//worlds/empty_world.world
[9.580s] -- Up-to-date symlink: /home/daniel/CustomMultibot-master/install/turtlebot3_gazebo/share/turtlebot3_gazebo//worlds/turtlebot3_dqn_stage1.world
[9.580s] -- Up-to-date symlink: /home/daniel/CustomMultibot-master/install/turtlebot3_gazebo/share/turtlebot3_gazebo//worlds/turtlebot3_dqn_stage2.world
[9.581s] -- Up-to-date symlink: /home/daniel/CustomMultibot-master/install/turtlebot3_gazebo/share/turtlebot3_gazebo//worlds/turtlebot3_dqn_stage3.world
[9.581s] -- Up-to-date symlink: /home/daniel/CustomMultibot-master/install/turtlebot3_gazebo/share/turtlebot3_gazebo//worlds/turtlebot3_dqn_stage4.world
[9.581s] -- Up-to-date symlink: /home/daniel/CustomMultibot-master/install/turtlebot3_gazebo/share/turtlebot3_gazebo//worlds/turtlebot3_house.world
[9.581s] -- Up-to-date symlink: /home/daniel/CustomMultibot-master/install/turtlebot3_gazebo/share/turtlebot3_gazebo//worlds/turtlebot3_world.world
[9.581s] -- Up-to-date symlink: /home/daniel/CustomMultibot-master/install/turtlebot3_gazebo/share/turtlebot3_gazebo//worlds/warehouse.world
[9.581s] -- Up-to-date symlink: /home/daniel/CustomMultibot-master/install/turtlebot3_gazebo/include//turtlebot3_gazebo/turtlebot3_drive.hpp
[9.597s] -- Up-to-date symlink: /home/daniel/CustomMultibot-master/install/turtlebot3_gazebo/share/ament_index/resource_index/package_run_dependencies/turtlebot3_gazebo
[9.597s] -- Up-to-date symlink: /home/daniel/CustomMultibot-master/install/turtlebot3_gazebo/share/ament_index/resource_index/parent_prefix_path/turtlebot3_gazebo
[9.597s] -- Up-to-date symlink: /home/daniel/CustomMultibot-master/install/turtlebot3_gazebo/share/turtlebot3_gazebo/environment/ament_prefix_path.sh
[9.597s] -- Up-to-date symlink: /home/daniel/CustomMultibot-master/install/turtlebot3_gazebo/share/turtlebot3_gazebo/environment/ament_prefix_path.dsv
[9.597s] -- Up-to-date symlink: /home/daniel/CustomMultibot-master/install/turtlebot3_gazebo/share/turtlebot3_gazebo/environment/path.sh
[9.597s] -- Up-to-date symlink: /home/daniel/CustomMultibot-master/install/turtlebot3_gazebo/share/turtlebot3_gazebo/environment/path.dsv
[9.597s] -- Up-to-date symlink: /home/daniel/CustomMultibot-master/install/turtlebot3_gazebo/share/turtlebot3_gazebo/local_setup.bash
[9.597s] -- Up-to-date symlink: /home/daniel/CustomMultibot-master/install/turtlebot3_gazebo/share/turtlebot3_gazebo/local_setup.sh
[9.597s] -- Up-to-date symlink: /home/daniel/CustomMultibot-master/install/turtlebot3_gazebo/share/turtlebot3_gazebo/local_setup.zsh
[9.597s] -- Up-to-date symlink: /home/daniel/CustomMultibot-master/install/turtlebot3_gazebo/share/turtlebot3_gazebo/local_setup.dsv
[9.597s] -- Symlinking: /home/daniel/CustomMultibot-master/install/turtlebot3_gazebo/share/turtlebot3_gazebo/package.dsv
[9.607s] -- Up-to-date symlink: /home/daniel/CustomMultibot-master/install/turtlebot3_gazebo/share/ament_index/resource_index/packages/turtlebot3_gazebo
[9.607s] -- Up-to-date symlink: /home/daniel/CustomMultibot-master/install/turtlebot3_gazebo/share/turtlebot3_gazebo/cmake/ament_cmake_export_include_directories-extras.cmake
[9.607s] -- Up-to-date symlink: /home/daniel/CustomMultibot-master/install/turtlebot3_gazebo/share/turtlebot3_gazebo/cmake/ament_cmake_export_dependencies-extras.cmake
[9.607s] -- Up-to-date symlink: /home/daniel/CustomMultibot-master/install/turtlebot3_gazebo/share/turtlebot3_gazebo/cmake/turtlebot3_gazeboConfig.cmake
[9.608s] -- Up-to-date symlink: /home/daniel/CustomMultibot-master/install/turtlebot3_gazebo/share/turtlebot3_gazebo/cmake/turtlebot3_gazeboConfig-version.cmake
[9.608s] -- Up-to-date symlink: /home/daniel/CustomMultibot-master/install/turtlebot3_gazebo/share/turtlebot3_gazebo/package.xml
[9.611s] Invoked command in '/home/daniel/CustomMultibot-master/build/turtlebot3_gazebo' returned '0': CMAKE_PREFIX_PATH=/home/daniel/robots_ws/install/turtlebot3_simulations:/home/daniel/dan_ws/install/follow_waypoint:/opt/ros/humble:/home/daniel/robots_ws/install/turtlebot3_gazebo:/home/daniel/robots_ws/install/turtlebot3_fake_node:/home/daniel/robots_ws/install/multi_robot_rosbot:/home/daniel/robots_ws/install/articubot_one:/home/daniel/dan_ws/install/articubot_one /usr/bin/cmake --install /home/daniel/CustomMultibot-master/build/turtlebot3_gazebo
