[0.047s] Invoking command in '/home/daniel/CustomMultibot-master/build/turtlebot3_simulations': AMENT_PREFIX_PATH=/home/daniel/CustomMultibot-master/install/turtlebot3_gazebo:${AMENT_PREFIX_PATH} CMAKE_PREFIX_PATH=/home/daniel/CustomMultibot-master/install/turtlebot3_gazebo:/home/daniel/robots_ws/install/turtlebot3_simulations:/home/daniel/dan_ws/install/follow_waypoint:/opt/ros/humble:/home/daniel/robots_ws/install/turtlebot3_gazebo:/home/daniel/robots_ws/install/turtlebot3_fake_node:/home/daniel/robots_ws/install/multi_robot_rosbot:/home/daniel/robots_ws/install/articubot_one:/home/daniel/dan_ws/install/articubot_one /usr/bin/cmake /home/daniel/CustomMultibot-master/src/turtlebot3_simulations -DAMENT_CMAKE_SYMLINK_INSTALL=1 -DCMAKE_INSTALL_PREFIX=/home/daniel/CustomMultibot-master/install/turtlebot3_simulations
[0.127s] -- Found ament_cmake: 1.3.9 (/opt/ros/humble/share/ament_cmake/cmake)
[0.280s] -- Override CMake install command with custom implementation using symlinks instead of copying resources
[0.483s] -- Configuring done
[0.521s] -- Generating done
[0.522s] -- Build files have been written to: /home/daniel/CustomMultibot-master/build/turtlebot3_simulations
[0.525s] Invoked command in '/home/daniel/CustomMultibot-master/build/turtlebot3_simulations' returned '0': AMENT_PREFIX_PATH=/home/daniel/CustomMultibot-master/install/turtlebot3_gazebo:${AMENT_PREFIX_PATH} CMAKE_PREFIX_PATH=/home/daniel/CustomMultibot-master/install/turtlebot3_gazebo:/home/daniel/robots_ws/install/turtlebot3_simulations:/home/daniel/dan_ws/install/follow_waypoint:/opt/ros/humble:/home/daniel/robots_ws/install/turtlebot3_gazebo:/home/daniel/robots_ws/install/turtlebot3_fake_node:/home/daniel/robots_ws/install/multi_robot_rosbot:/home/daniel/robots_ws/install/articubot_one:/home/daniel/dan_ws/install/articubot_one /usr/bin/cmake /home/daniel/CustomMultibot-master/src/turtlebot3_simulations -DAMENT_CMAKE_SYMLINK_INSTALL=1 -DCMAKE_INSTALL_PREFIX=/home/daniel/CustomMultibot-master/install/turtlebot3_simulations
[0.527s] Invoking command in '/home/daniel/CustomMultibot-master/build/turtlebot3_simulations': AMENT_PREFIX_PATH=/home/daniel/CustomMultibot-master/install/turtlebot3_gazebo:${AMENT_PREFIX_PATH} CMAKE_PREFIX_PATH=/home/daniel/CustomMultibot-master/install/turtlebot3_gazebo:/home/daniel/robots_ws/install/turtlebot3_simulations:/home/daniel/dan_ws/install/follow_waypoint:/opt/ros/humble:/home/daniel/robots_ws/install/turtlebot3_gazebo:/home/daniel/robots_ws/install/turtlebot3_fake_node:/home/daniel/robots_ws/install/multi_robot_rosbot:/home/daniel/robots_ws/install/articubot_one:/home/daniel/dan_ws/install/articubot_one /usr/bin/cmake --build /home/daniel/CustomMultibot-master/build/turtlebot3_simulations -- -j8 -l8
[0.569s] Invoked command in '/home/daniel/CustomMultibot-master/build/turtlebot3_simulations' returned '0': AMENT_PREFIX_PATH=/home/daniel/CustomMultibot-master/install/turtlebot3_gazebo:${AMENT_PREFIX_PATH} CMAKE_PREFIX_PATH=/home/daniel/CustomMultibot-master/install/turtlebot3_gazebo:/home/daniel/robots_ws/install/turtlebot3_simulations:/home/daniel/dan_ws/install/follow_waypoint:/opt/ros/humble:/home/daniel/robots_ws/install/turtlebot3_gazebo:/home/daniel/robots_ws/install/turtlebot3_fake_node:/home/daniel/robots_ws/install/multi_robot_rosbot:/home/daniel/robots_ws/install/articubot_one:/home/daniel/dan_ws/install/articubot_one /usr/bin/cmake --build /home/daniel/CustomMultibot-master/build/turtlebot3_simulations -- -j8 -l8
[0.597s] Invoking command in '/home/daniel/CustomMultibot-master/build/turtlebot3_simulations': AMENT_PREFIX_PATH=/home/daniel/CustomMultibot-master/install/turtlebot3_gazebo:${AMENT_PREFIX_PATH} CMAKE_PREFIX_PATH=/home/daniel/CustomMultibot-master/install/turtlebot3_gazebo:/home/daniel/robots_ws/install/turtlebot3_simulations:/home/daniel/dan_ws/install/follow_waypoint:/opt/ros/humble:/home/daniel/robots_ws/install/turtlebot3_gazebo:/home/daniel/robots_ws/install/turtlebot3_fake_node:/home/daniel/robots_ws/install/multi_robot_rosbot:/home/daniel/robots_ws/install/articubot_one:/home/daniel/dan_ws/install/articubot_one /usr/bin/cmake --install /home/daniel/CustomMultibot-master/build/turtlebot3_simulations
[0.609s] -- Install configuration: ""
[0.609s] -- Execute custom install script
[0.609s] -- Up-to-date symlink: /home/daniel/CustomMultibot-master/install/turtlebot3_simulations/share/ament_index/resource_index/package_run_dependencies/turtlebot3_simulations
[0.609s] -- Up-to-date symlink: /home/daniel/CustomMultibot-master/install/turtlebot3_simulations/share/ament_index/resource_index/parent_prefix_path/turtlebot3_simulations
[0.611s] -- Up-to-date symlink: /home/daniel/CustomMultibot-master/install/turtlebot3_simulations/share/turtlebot3_simulations/environment/ament_prefix_path.sh
[0.613s] -- Up-to-date symlink: /home/daniel/CustomMultibot-master/install/turtlebot3_simulations/share/turtlebot3_simulations/environment/ament_prefix_path.dsv
[0.614s] -- Up-to-date symlink: /home/daniel/CustomMultibot-master/install/turtlebot3_simulations/share/turtlebot3_simulations/environment/path.sh
[0.615s] -- Up-to-date symlink: /home/daniel/CustomMultibot-master/install/turtlebot3_simulations/share/turtlebot3_simulations/environment/path.dsv
[0.615s] -- Up-to-date symlink: /home/daniel/CustomMultibot-master/install/turtlebot3_simulations/share/turtlebot3_simulations/local_setup.bash
[0.615s] -- Up-to-date symlink: /home/daniel/CustomMultibot-master/install/turtlebot3_simulations/share/turtlebot3_simulations/local_setup.sh
[0.615s] -- Up-to-date symlink: /home/daniel/CustomMultibot-master/install/turtlebot3_simulations/share/turtlebot3_simulations/local_setup.zsh
[0.617s] -- Up-to-date symlink: /home/daniel/CustomMultibot-master/install/turtlebot3_simulations/share/turtlebot3_simulations/local_setup.dsv
[0.618s] -- Symlinking: /home/daniel/CustomMultibot-master/install/turtlebot3_simulations/share/turtlebot3_simulations/package.dsv
[0.626s] -- Up-to-date symlink: /home/daniel/CustomMultibot-master/install/turtlebot3_simulations/share/ament_index/resource_index/packages/turtlebot3_simulations
[0.627s] -- Up-to-date symlink: /home/daniel/CustomMultibot-master/install/turtlebot3_simulations/share/turtlebot3_simulations/cmake/turtlebot3_simulationsConfig.cmake
[0.627s] -- Up-to-date symlink: /home/daniel/CustomMultibot-master/install/turtlebot3_simulations/share/turtlebot3_simulations/cmake/turtlebot3_simulationsConfig-version.cmake
[0.627s] -- Up-to-date symlink: /home/daniel/CustomMultibot-master/install/turtlebot3_simulations/share/turtlebot3_simulations/package.xml
[0.632s] Invoked command in '/home/daniel/CustomMultibot-master/build/turtlebot3_simulations' returned '0': AMENT_PREFIX_PATH=/home/daniel/CustomMultibot-master/install/turtlebot3_gazebo:${AMENT_PREFIX_PATH} CMAKE_PREFIX_PATH=/home/daniel/CustomMultibot-master/install/turtlebot3_gazebo:/home/daniel/robots_ws/install/turtlebot3_simulations:/home/daniel/dan_ws/install/follow_waypoint:/opt/ros/humble:/home/daniel/robots_ws/install/turtlebot3_gazebo:/home/daniel/robots_ws/install/turtlebot3_fake_node:/home/daniel/robots_ws/install/multi_robot_rosbot:/home/daniel/robots_ws/install/articubot_one:/home/daniel/dan_ws/install/articubot_one /usr/bin/cmake --install /home/daniel/CustomMultibot-master/build/turtlebot3_simulations
