[0.361s] Invoking command in '/home/daniel/Multi-robot-Navigation/build/turtlebot3_simulations': AMENT_PREFIX_PATH=/home/daniel/Multi-robot-Navigation/install/turtlebot3_gazebo:${AMENT_PREFIX_PATH} CMAKE_PREFIX_PATH=/home/daniel/Multi-robot-Navigation/install/turtlebot3_gazebo:/home/daniel/CustomMultibot/install/turtlebot3_simulations:/home/daniel/CustomMultibot/install/turtlebot3_gazebo:/home/daniel/CustomMultibot/install/nav2_bringup:/home/daniel/robots_ws/install/turtlebot3_simulations:/home/daniel/CustomMultibot/install/follow_waypoints:/home/daniel/dan_ws/install/follow_waypoint:/opt/ros/humble:/home/daniel/robots_ws/install/turtlebot3_gazebo:/home/daniel/robots_ws/install/turtlebot3_fake_node:/home/daniel/robots_ws/install/multi_robot_rosbot:/home/daniel/robots_ws/install/articubot_one:/home/daniel/dan_ws/install/articubot_one /usr/bin/cmake /home/daniel/Multi-robot-Navigation/src/turtlebot3_simulations -DAMENT_CMAKE_SYMLINK_INSTALL=1 -DCMAKE_INSTALL_PREFIX=/home/daniel/Multi-robot-Navigation/install/turtlebot3_simulations
[1.417s] -- The C compiler identification is GNU 11.4.0
[1.582s] -- The CXX compiler identification is GNU 11.4.0
[1.593s] -- Detecting C compiler ABI info
[1.825s] -- Detecting C compiler ABI info - done
[1.831s] -- Check for working C compiler: /usr/bin/cc - skipped
[1.831s] -- Detecting C compile features
[1.846s] -- Detecting C compile features - done
[1.849s] -- Detecting CXX compiler ABI info
[1.905s] -- Detecting CXX compiler ABI info - done
[1.911s] -- Check for working CXX compiler: /usr/bin/c++ - skipped
[1.911s] -- Detecting CXX compile features
[1.912s] -- Detecting CXX compile features - done
[2.324s] -- Found ament_cmake: 1.3.9 (/opt/ros/humble/share/ament_cmake/cmake)
[3.350s] -- Found Python3: /usr/bin/python3 (found version "3.10.12") found components: Interpreter 
[3.572s] -- Override CMake install command with custom implementation using symlinks instead of copying resources
[4.685s] -- Configuring done
[4.687s] -- Generating done
[4.687s] -- Build files have been written to: /home/daniel/Multi-robot-Navigation/build/turtlebot3_simulations
[4.690s] Invoked command in '/home/daniel/Multi-robot-Navigation/build/turtlebot3_simulations' returned '0': AMENT_PREFIX_PATH=/home/daniel/Multi-robot-Navigation/install/turtlebot3_gazebo:${AMENT_PREFIX_PATH} CMAKE_PREFIX_PATH=/home/daniel/Multi-robot-Navigation/install/turtlebot3_gazebo:/home/daniel/CustomMultibot/install/turtlebot3_simulations:/home/daniel/CustomMultibot/install/turtlebot3_gazebo:/home/daniel/CustomMultibot/install/nav2_bringup:/home/daniel/robots_ws/install/turtlebot3_simulations:/home/daniel/CustomMultibot/install/follow_waypoints:/home/daniel/dan_ws/install/follow_waypoint:/opt/ros/humble:/home/daniel/robots_ws/install/turtlebot3_gazebo:/home/daniel/robots_ws/install/turtlebot3_fake_node:/home/daniel/robots_ws/install/multi_robot_rosbot:/home/daniel/robots_ws/install/articubot_one:/home/daniel/dan_ws/install/articubot_one /usr/bin/cmake /home/daniel/Multi-robot-Navigation/src/turtlebot3_simulations -DAMENT_CMAKE_SYMLINK_INSTALL=1 -DCMAKE_INSTALL_PREFIX=/home/daniel/Multi-robot-Navigation/install/turtlebot3_simulations
[4.692s] Invoking command in '/home/daniel/Multi-robot-Navigation/build/turtlebot3_simulations': AMENT_PREFIX_PATH=/home/daniel/Multi-robot-Navigation/install/turtlebot3_gazebo:${AMENT_PREFIX_PATH} CMAKE_PREFIX_PATH=/home/daniel/Multi-robot-Navigation/install/turtlebot3_gazebo:/home/daniel/CustomMultibot/install/turtlebot3_simulations:/home/daniel/CustomMultibot/install/turtlebot3_gazebo:/home/daniel/CustomMultibot/install/nav2_bringup:/home/daniel/robots_ws/install/turtlebot3_simulations:/home/daniel/CustomMultibot/install/follow_waypoints:/home/daniel/dan_ws/install/follow_waypoint:/opt/ros/humble:/home/daniel/robots_ws/install/turtlebot3_gazebo:/home/daniel/robots_ws/install/turtlebot3_fake_node:/home/daniel/robots_ws/install/multi_robot_rosbot:/home/daniel/robots_ws/install/articubot_one:/home/daniel/dan_ws/install/articubot_one /usr/bin/cmake --build /home/daniel/Multi-robot-Navigation/build/turtlebot3_simulations -- -j8 -l8
[4.717s] Invoked command in '/home/daniel/Multi-robot-Navigation/build/turtlebot3_simulations' returned '0': AMENT_PREFIX_PATH=/home/daniel/Multi-robot-Navigation/install/turtlebot3_gazebo:${AMENT_PREFIX_PATH} CMAKE_PREFIX_PATH=/home/daniel/Multi-robot-Navigation/install/turtlebot3_gazebo:/home/daniel/CustomMultibot/install/turtlebot3_simulations:/home/daniel/CustomMultibot/install/turtlebot3_gazebo:/home/daniel/CustomMultibot/install/nav2_bringup:/home/daniel/robots_ws/install/turtlebot3_simulations:/home/daniel/CustomMultibot/install/follow_waypoints:/home/daniel/dan_ws/install/follow_waypoint:/opt/ros/humble:/home/daniel/robots_ws/install/turtlebot3_gazebo:/home/daniel/robots_ws/install/turtlebot3_fake_node:/home/daniel/robots_ws/install/multi_robot_rosbot:/home/daniel/robots_ws/install/articubot_one:/home/daniel/dan_ws/install/articubot_one /usr/bin/cmake --build /home/daniel/Multi-robot-Navigation/build/turtlebot3_simulations -- -j8 -l8
[4.731s] Invoking command in '/home/daniel/Multi-robot-Navigation/build/turtlebot3_simulations': AMENT_PREFIX_PATH=/home/daniel/Multi-robot-Navigation/install/turtlebot3_gazebo:${AMENT_PREFIX_PATH} CMAKE_PREFIX_PATH=/home/daniel/Multi-robot-Navigation/install/turtlebot3_gazebo:/home/daniel/CustomMultibot/install/turtlebot3_simulations:/home/daniel/CustomMultibot/install/turtlebot3_gazebo:/home/daniel/CustomMultibot/install/nav2_bringup:/home/daniel/robots_ws/install/turtlebot3_simulations:/home/daniel/CustomMultibot/install/follow_waypoints:/home/daniel/dan_ws/install/follow_waypoint:/opt/ros/humble:/home/daniel/robots_ws/install/turtlebot3_gazebo:/home/daniel/robots_ws/install/turtlebot3_fake_node:/home/daniel/robots_ws/install/multi_robot_rosbot:/home/daniel/robots_ws/install/articubot_one:/home/daniel/dan_ws/install/articubot_one /usr/bin/cmake --install /home/daniel/Multi-robot-Navigation/build/turtlebot3_simulations
[4.737s] -- Install configuration: ""
[4.737s] -- Execute custom install script
[4.737s] -- Symlinking: /home/daniel/Multi-robot-Navigation/install/turtlebot3_simulations/share/ament_index/resource_index/package_run_dependencies/turtlebot3_simulations
[4.743s] -- Symlinking: /home/daniel/Multi-robot-Navigation/install/turtlebot3_simulations/share/ament_index/resource_index/parent_prefix_path/turtlebot3_simulations
[4.749s] -- Symlinking: /home/daniel/Multi-robot-Navigation/install/turtlebot3_simulations/share/turtlebot3_simulations/environment/ament_prefix_path.sh
[4.755s] -- Symlinking: /home/daniel/Multi-robot-Navigation/install/turtlebot3_simulations/share/turtlebot3_simulations/environment/ament_prefix_path.dsv
[4.761s] -- Symlinking: /home/daniel/Multi-robot-Navigation/install/turtlebot3_simulations/share/turtlebot3_simulations/environment/path.sh
[4.767s] -- Symlinking: /home/daniel/Multi-robot-Navigation/install/turtlebot3_simulations/share/turtlebot3_simulations/environment/path.dsv
[4.774s] -- Symlinking: /home/daniel/Multi-robot-Navigation/install/turtlebot3_simulations/share/turtlebot3_simulations/local_setup.bash
[4.780s] -- Symlinking: /home/daniel/Multi-robot-Navigation/install/turtlebot3_simulations/share/turtlebot3_simulations/local_setup.sh
[4.786s] -- Symlinking: /home/daniel/Multi-robot-Navigation/install/turtlebot3_simulations/share/turtlebot3_simulations/local_setup.zsh
[4.792s] -- Symlinking: /home/daniel/Multi-robot-Navigation/install/turtlebot3_simulations/share/turtlebot3_simulations/local_setup.dsv
[4.798s] -- Symlinking: /home/daniel/Multi-robot-Navigation/install/turtlebot3_simulations/share/turtlebot3_simulations/package.dsv
[4.804s] -- Symlinking: /home/daniel/Multi-robot-Navigation/install/turtlebot3_simulations/share/ament_index/resource_index/packages/turtlebot3_simulations
[4.810s] -- Symlinking: /home/daniel/Multi-robot-Navigation/install/turtlebot3_simulations/share/turtlebot3_simulations/cmake/turtlebot3_simulationsConfig.cmake
[4.815s] -- Symlinking: /home/daniel/Multi-robot-Navigation/install/turtlebot3_simulations/share/turtlebot3_simulations/cmake/turtlebot3_simulationsConfig-version.cmake
[4.822s] -- Symlinking: /home/daniel/Multi-robot-Navigation/install/turtlebot3_simulations/share/turtlebot3_simulations/package.xml
[4.830s] Invoked command in '/home/daniel/Multi-robot-Navigation/build/turtlebot3_simulations' returned '0': AMENT_PREFIX_PATH=/home/daniel/Multi-robot-Navigation/install/turtlebot3_gazebo:${AMENT_PREFIX_PATH} CMAKE_PREFIX_PATH=/home/daniel/Multi-robot-Navigation/install/turtlebot3_gazebo:/home/daniel/CustomMultibot/install/turtlebot3_simulations:/home/daniel/CustomMultibot/install/turtlebot3_gazebo:/home/daniel/CustomMultibot/install/nav2_bringup:/home/daniel/robots_ws/install/turtlebot3_simulations:/home/daniel/CustomMultibot/install/follow_waypoints:/home/daniel/dan_ws/install/follow_waypoint:/opt/ros/humble:/home/daniel/robots_ws/install/turtlebot3_gazebo:/home/daniel/robots_ws/install/turtlebot3_fake_node:/home/daniel/robots_ws/install/multi_robot_rosbot:/home/daniel/robots_ws/install/articubot_one:/home/daniel/dan_ws/install/articubot_one /usr/bin/cmake --install /home/daniel/Multi-robot-Navigation/build/turtlebot3_simulations
